../Core/Src/main.c:72:6:_w25qEraseSector	24	static
../Core/Src/main.c:99:6:w25qWritingByUSB	4384	static
../Core/Src/main.c:128:5:main	8	static
../Core/Src/main.c:200:6:SystemClock_Config	88	static
../Core/Src/main.c:248:13:MX_ADC1_Init	24	static
../Core/Src/main.c:295:13:MX_SPI1_Init	8	static
../Core/Src/main.c:331:13:MX_DMA_Init	16	static
../Core/Src/main.c:349:13:MX_GPIO_Init	40	static
../Core/Src/main.c:392:6:USB_Reset	32	static
../Core/Src/main.c:417:6:Error_Handler	4	static,ignoring_inline_asm
