Archive member included to satisfy reference by file (symbol)

C:/Program Files/STMicroelectronics/STM32CubeIDE/plugins/com.st.stm32cube.ide.mcu.externaltools.gnu-tools-for-stm32.11.3.rel1.win32_1.1.1.202309131626/tools/bin/../lib/gcc/arm-none-eabi/11.3.1/../../../../arm-none-eabi/lib/thumb/v7-m/nofp\libc_nano.a(libc_a-exit.o)
                              C:/Program Files/STMicroelectronics/STM32CubeIDE/plugins/com.st.stm32cube.ide.mcu.externaltools.gnu-tools-for-stm32.11.3.rel1.win32_1.1.1.202309131626/tools/bin/../lib/gcc/arm-none-eabi/11.3.1/../../../../arm-none-eabi/lib/thumb/v7-m/nofp/crt0.o (exit)
C:/Program Files/STMicroelectronics/STM32CubeIDE/plugins/com.st.stm32cube.ide.mcu.externaltools.gnu-tools-for-stm32.11.3.rel1.win32_1.1.1.202309131626/tools/bin/../lib/gcc/arm-none-eabi/11.3.1/../../../../arm-none-eabi/lib/thumb/v7-m/nofp\libc_nano.a(libc_a-findfp.o)
                              C:/Program Files/STMicroelectronics/STM32CubeIDE/plugins/com.st.stm32cube.ide.mcu.externaltools.gnu-tools-for-stm32.11.3.rel1.win32_1.1.1.202309131626/tools/bin/../lib/gcc/arm-none-eabi/11.3.1/../../../../arm-none-eabi/lib/thumb/v7-m/nofp\libc_nano.a(libc_a-exit.o) (__stdio_exit_handler)
C:/Program Files/STMicroelectronics/STM32CubeIDE/plugins/com.st.stm32cube.ide.mcu.externaltools.gnu-tools-for-stm32.11.3.rel1.win32_1.1.1.202309131626/tools/bin/../lib/gcc/arm-none-eabi/11.3.1/../../../../arm-none-eabi/lib/thumb/v7-m/nofp\libc_nano.a(libc_a-fwalk.o)
                              C:/Program Files/STMicroelectronics/STM32CubeIDE/plugins/com.st.stm32cube.ide.mcu.externaltools.gnu-tools-for-stm32.11.3.rel1.win32_1.1.1.202309131626/tools/bin/../lib/gcc/arm-none-eabi/11.3.1/../../../../arm-none-eabi/lib/thumb/v7-m/nofp\libc_nano.a(libc_a-findfp.o) (_fwalk_sglue)
C:/Program Files/STMicroelectronics/STM32CubeIDE/plugins/com.st.stm32cube.ide.mcu.externaltools.gnu-tools-for-stm32.11.3.rel1.win32_1.1.1.202309131626/tools/bin/../lib/gcc/arm-none-eabi/11.3.1/../../../../arm-none-eabi/lib/thumb/v7-m/nofp\libc_nano.a(libc_a-stdio.o)
                              C:/Program Files/STMicroelectronics/STM32CubeIDE/plugins/com.st.stm32cube.ide.mcu.externaltools.gnu-tools-for-stm32.11.3.rel1.win32_1.1.1.202309131626/tools/bin/../lib/gcc/arm-none-eabi/11.3.1/../../../../arm-none-eabi/lib/thumb/v7-m/nofp\libc_nano.a(libc_a-findfp.o) (__sread)
C:/Program Files/STMicroelectronics/STM32CubeIDE/plugins/com.st.stm32cube.ide.mcu.externaltools.gnu-tools-for-stm32.11.3.rel1.win32_1.1.1.202309131626/tools/bin/../lib/gcc/arm-none-eabi/11.3.1/../../../../arm-none-eabi/lib/thumb/v7-m/nofp\libc_nano.a(libc_a-memset.o)
                              C:/Program Files/STMicroelectronics/STM32CubeIDE/plugins/com.st.stm32cube.ide.mcu.externaltools.gnu-tools-for-stm32.11.3.rel1.win32_1.1.1.202309131626/tools/bin/../lib/gcc/arm-none-eabi/11.3.1/../../../../arm-none-eabi/lib/thumb/v7-m/nofp/crt0.o (memset)
C:/Program Files/STMicroelectronics/STM32CubeIDE/plugins/com.st.stm32cube.ide.mcu.externaltools.gnu-tools-for-stm32.11.3.rel1.win32_1.1.1.202309131626/tools/bin/../lib/gcc/arm-none-eabi/11.3.1/../../../../arm-none-eabi/lib/thumb/v7-m/nofp\libc_nano.a(libc_a-closer.o)
                              C:/Program Files/STMicroelectronics/STM32CubeIDE/plugins/com.st.stm32cube.ide.mcu.externaltools.gnu-tools-for-stm32.11.3.rel1.win32_1.1.1.202309131626/tools/bin/../lib/gcc/arm-none-eabi/11.3.1/../../../../arm-none-eabi/lib/thumb/v7-m/nofp\libc_nano.a(libc_a-stdio.o) (_close_r)
C:/Program Files/STMicroelectronics/STM32CubeIDE/plugins/com.st.stm32cube.ide.mcu.externaltools.gnu-tools-for-stm32.11.3.rel1.win32_1.1.1.202309131626/tools/bin/../lib/gcc/arm-none-eabi/11.3.1/../../../../arm-none-eabi/lib/thumb/v7-m/nofp\libc_nano.a(libc_a-reent.o)
                              C:/Program Files/STMicroelectronics/STM32CubeIDE/plugins/com.st.stm32cube.ide.mcu.externaltools.gnu-tools-for-stm32.11.3.rel1.win32_1.1.1.202309131626/tools/bin/../lib/gcc/arm-none-eabi/11.3.1/../../../../arm-none-eabi/lib/thumb/v7-m/nofp\libc_nano.a(libc_a-closer.o) (errno)
C:/Program Files/STMicroelectronics/STM32CubeIDE/plugins/com.st.stm32cube.ide.mcu.externaltools.gnu-tools-for-stm32.11.3.rel1.win32_1.1.1.202309131626/tools/bin/../lib/gcc/arm-none-eabi/11.3.1/../../../../arm-none-eabi/lib/thumb/v7-m/nofp\libc_nano.a(libc_a-impure.o)
                              C:/Program Files/STMicroelectronics/STM32CubeIDE/plugins/com.st.stm32cube.ide.mcu.externaltools.gnu-tools-for-stm32.11.3.rel1.win32_1.1.1.202309131626/tools/bin/../lib/gcc/arm-none-eabi/11.3.1/../../../../arm-none-eabi/lib/thumb/v7-m/nofp\libc_nano.a(libc_a-reent.o) (_impure_ptr)
C:/Program Files/STMicroelectronics/STM32CubeIDE/plugins/com.st.stm32cube.ide.mcu.externaltools.gnu-tools-for-stm32.11.3.rel1.win32_1.1.1.202309131626/tools/bin/../lib/gcc/arm-none-eabi/11.3.1/../../../../arm-none-eabi/lib/thumb/v7-m/nofp\libc_nano.a(libc_a-lseekr.o)
[...]
Memory Configuration

Name             Origin             Length             Attributes
RAM              0x0000000020000000 0x0000000000005000 xrw
FLASH            0x0000000008000000 0x0000000000010000 xr
*default*        0x0000000000000000 0xffffffffffffffff

Linker script and memory map

LOAD C:/Program Files/STMicroelectronics/STM32CubeIDE/plugins/com.st.stm32cube.ide.mcu.externaltools.gnu-tools-for-stm32.11.3.rel1.win32_1.1.1.202309131626/tools/bin/../lib/gcc/arm-none-eabi/11.3.1/thumb/v7-m/nofp/crti.o
LOAD C:/Program Files/STMicroelectronics/STM32CubeIDE/plugins/com.st.stm32cube.ide.mcu.externaltools.gnu-tools-for-stm32.11.3.rel1.win32_1.1.1.202309131626/tools/bin/../lib/gcc/arm-none-eabi/11.3.1/thumb/v7-m/nofp/crtbegin.o
LOAD C:/Program Files/STMicroelectronics/STM32CubeIDE/plugins/com.st.stm32cube.ide.mcu.externaltools.gnu-tools-for-stm32.11.3.rel1.win32_1.1.1.202309131626/tools/bin/../lib/gcc/arm-none-eabi/11.3.1/../../../../arm-none-eabi/lib/thumb/v7-m/nofp/crt0.o
LOAD ./Core/Src/main.o
LOAD ./Core/Src/stm32f1xx_hal_msp.o
LOAD ./Core/Src/stm32f1xx_it.o
LOAD ./Core/Src/syscalls.o
LOAD ./Core/Src/sysmem.o
LOAD ./Core/Src/system_stm32f1xx.o
LOAD ./Core/Src/w25q.o
LOAD ./Core/Startup/startup_stm32f103c8tx.o
LOAD ./Drivers/STM32F1xx_HAL_Driver/Src/stm32f1xx_hal.o
LOAD ./Drivers/STM32F1xx_HAL_Driver/Src/stm32f1xx_hal_adc.o
LOAD ./Drivers/STM32F1xx_HAL_Driver/Src/stm32f1xx_hal_adc_ex.o
LOAD ./Drivers/STM32F1xx_HAL_Driver/Src/stm32f1xx_hal_cortex.o
LOAD ./Drivers/STM32F1xx_HAL_Driver/Src/stm32f1xx_hal_dma.o
LOAD ./Drivers/STM32F1xx_HAL_Driver/Src/stm32f1xx_hal_exti.o
LOAD ./Drivers/STM32F1xx_HAL_Driver/Src/stm32f1xx_hal_flash.o
LOAD ./Drivers/STM32F1xx_HAL_Driver/Src/stm32f1xx_hal_flash_ex.o
LOAD ./Drivers/STM32F1xx_HAL_Driver/Src/stm32f1xx_hal_gpio.o
LOAD ./Drivers/STM32F1xx_HAL_Driver/Src/stm32f1xx_hal_gpio_ex.o
LOAD ./Drivers/STM32F1xx_HAL_Driver/Src/stm32f1xx_hal_pcd.o
LOAD ./Drivers/STM32F1xx_HAL_Driver/Src/stm32f1xx_hal_pcd_ex.o
LOAD ./Drivers/STM32F1xx_HAL_Driver/Src/stm32f1xx_hal_pwr.o
LOAD ./Drivers/STM32F1xx_HAL_Driver/Src/stm32f1xx_hal_rcc.o
LOAD ./Drivers/STM32F1xx_HAL_Driver/Src/stm32f1xx_hal_rcc_ex.o
LOAD ./Drivers/STM32F1xx_HAL_Driver/Src/stm32f1xx_hal_spi.o
LOAD ./Drivers/STM32F1xx_HAL_Driver/Src/stm32f1xx_hal_tim.o
LOAD ./Drivers/STM32F1xx_HAL_Driver/Src/stm32f1xx_hal_tim_ex.o
LOAD ./Drivers/STM32F1xx_HAL_Driver/Src/stm32f1xx_ll_usb.o
LOAD ./FATFS/App/fatfs.o
LOAD ./FATFS/Target/user_diskio.o
LOAD ./Middlewares/ST/STM32_USB_Device_Library/Class/MSC/Src/usbd_msc.o
LOAD ./Middlewares/ST/STM32_USB_Device_Library/Class/MSC/Src/usbd_msc_bot.o
LOAD ./Middlewares/ST/STM32_USB_Device_Library/Class/MSC/Src/usbd_msc_data.o
LOAD ./Middlewares/ST/STM32_USB_Device_Library/Class/MSC/Src/usbd_msc_scsi.o
LOAD ./Middlewares/ST/STM32_USB_Device_Library/Core/Src/usbd_core.o
LOAD ./Middlewares/ST/STM32_USB_Device_Library/Core/Src/usbd_ctlreq.o
LOAD ./Middlewares/ST/STM32_USB_Device_Library/Core/Src/usbd_ioreq.o
LOAD ./Middlewares/Third_Party/FatFs/src/diskio.o
LOAD ./Middlewares/Third_Party/FatFs/src/ff.o
LOAD ./Middlewares/Third_Party/FatFs/src/ff_gen_drv.o
LOAD ./Middlewares/Third_Party/FatFs/src/option/syscall.o
LOAD ./USB_DEVICE/App/usb_device.o
LOAD ./USB_DEVICE/App/usbd_desc.o
LOAD ./USB_DEVICE/App/usbd_storage_if.o
LOAD ./USB_DEVICE/Target/usbd_conf.o
START GROUP
LOAD C:/Program Files/STMicroelectronics/STM32CubeIDE/plugins/com.st.stm32cube.ide.mcu.externaltools.gnu-tools-for-stm32.11.3.rel1.win32_1.1.1.202309131626/tools/bin/../lib/gcc/arm-none-eabi/11.3.1/../../../../arm-none-eabi/lib/thumb/v7-m/nofp\libc_nano.a
LOAD C:/Program Files/STMicroelectronics/STM32CubeIDE/plugins/com.st.stm32cube.ide.mcu.externaltools.gnu-tools-for-stm32.11.3.rel1.win32_1.1.1.202309131626/tools/bin/../lib/gcc/arm-none-eabi/11.3.1/../../../../arm-none-eabi/lib/thumb/v7-m/nofp\libm.a
END GROUP
START GROUP
LOAD C:/Program Files/STMicroelectronics/STM32CubeIDE/plugins/com.st.stm32cube.ide.mcu.externaltools.gnu-tools-for-stm32.11.3.rel1.win32_1.1.1.202309131626/tools/bin/../lib/gcc/arm-none-eabi/11.3.1/thumb/v7-m/nofp\libgcc.a
LOAD C:/Program Files/STMicroelectronics/STM32CubeIDE/plugins/com.st.stm32cube.ide.mcu.externaltools.gnu-tools-for-stm32.11.3.rel1.win32_1.1.1.202309131626/tools/bin/../lib/gcc/arm-none-eabi/11.3.1/../../../../arm-none-eabi/lib/thumb/v7-m/nofp\libc_nano.a
END GROUP
START GROUP
LOAD C:/Program Files/STMicroelectronics/STM32CubeIDE/plugins/com.st.stm32cube.ide.mcu.externaltools.gnu-tools-for-stm32.11.3.rel1.win32_1.1.1.202309131626/tools/bin/../lib/gcc/arm-none-eabi/11.3.1/thumb/v7-m/nofp\libgcc.a
LOAD C:/Program Files/STMicroelectronics/STM32CubeIDE/plugins/com.st.stm32cube.ide.mcu.externaltools.gnu-tools-for-stm32.11.3.rel1.win32_1.1.1.202309131626/tools/bin/../lib/gcc/arm-none-eabi/11.3.1/../../../../arm-none-eabi/lib/thumb/v7-m/nofp\libc_nano.a
LOAD C:/Program Files/STMicroelectronics/STM32CubeIDE/plugins/com.st.stm32cube.ide.mcu.externaltools.gnu-tools-for-stm32.11.3.rel1.win32_1.1.1.202309131626/tools/bin/../lib/gcc/arm-none-eabi/11.3.1/../../../../arm-none-eabi/lib/thumb/v7-m/nofp\libnosys.a
END GROUP
START GROUP
LOAD C:/Program Files/STMicroelectronics/STM32CubeIDE/plugins/com.st.stm32cube.ide.mcu.externaltools.gnu-tools-for-stm32.11.3.rel1.win32_1.1.1.202309131626/tools/bin/../lib/gcc/arm-none-eabi/11.3.1/thumb/v7-m/nofp\libgcc.a
LOAD C:/Program Files/STMicroelectronics/STM32CubeIDE/plugins/com.st.stm32cube.ide.mcu.externaltools.gnu-tools-for-stm32.11.3.rel1.win32_1.1.1.202309131626/tools/bin/../lib/gcc/arm-none-eabi/11.3.1/../../../../arm-none-eabi/lib/thumb/v7-m/nofp\libc_nano.a
LOAD C:/Program Files/STMicroelectronics/STM32CubeIDE/plugins/com.st.stm32cube.ide.mcu.externaltools.gnu-tools-for-stm32.11.3.rel1.win32_1.1.1.202309131626/tools/bin/../lib/gcc/arm-none-eabi/11.3.1/../../../../arm-none-eabi/lib/thumb/v7-m/nofp\libnosys.a
END GROUP
LOAD C:/Program Files/STMicroelectronics/STM32CubeIDE/plugins/com.st.stm32cube.ide.mcu.externaltools.gnu-tools-for-stm32.11.3.rel1.win32_1.1.1.202309131626/tools/bin/../lib/gcc/arm-none-eabi/11.3.1/thumb/v7-m/nofp/crtend.o
LOAD C:/Program Files/STMicroelectronics/STM32CubeIDE/plugins/com.st.stm32cube.ide.mcu.externaltools.gnu-tools-for-stm32.11.3.rel1.win32_1.1.1.202309131626/tools/bin/../lib/gcc/arm-none-eabi/11.3.1/thumb/v7-m/nofp/crtn.o
                0x0000000020005000                _estack = (ORIGIN (RAM) + LENGTH (RAM))
                0x0000000000000200                _Min_Heap_Size = 0x200
                0x0000000000000400                _Min_Stack_Size = 0x400

.isr_vector     0x0000000008000000      0x10c
                0x0000000008000000                . = ALIGN (0x4)
 *(.isr_vector)
 .isr_vector    0x0000000008000000      0x10c ./Core/Startup/startup_stm32f103c8tx.o
                0x0000000008000000                g_pfnVectors
                0x000000000800010c                . = ALIGN (0x4)

.text           0x000000000800010c     0xcf64
                0x000000000800010c                . = ALIGN (0x4)
 *(.text)
 .text          0x000000000800010c       0x40 C:/Program Files/STMicroelectronics/STM32CubeIDE/plugins/com.st.stm32cube.ide.mcu.externaltools.gnu-tools-for-stm32.11.3.rel1.win32_1.1.1.202309131626/tools/bin/../lib/gcc/arm-none-eabi/11.3.1/thumb/v7-m/nofp/crtbegin.o
 *(.text*)
 .text._w25qEraseSector
                0x000000000800014c       0xb4 ./Core/Src/main.o
                0x000000000800014c                _w25qEraseSector
 .text.w25qWritingByUSB
                0x0000000008000200      0x1a8 ./Core/Src/main.o
                0x0000000008000200                w25qWritingByUSB
 .text.main     0x00000000080003a8       0x90 ./Core/Src/main.o
                0x00000000080003a8                main
 .text.SystemClock_Config
                0x0000000008000438       0xba ./Core/Src/main.o
                0x0000000008000438                SystemClock_Config
 *fill*         0x00000000080004f2        0x2 
 .text.MX_ADC1_Init
                0x00000000080004f4       0x7c ./Core/Src/main.o
 .text.MX_SPI1_Init
                0x0000000008000570       0x6c ./Core/Src/main.o
 .text.MX_DMA_Init
                0x00000000080005dc       0x3c ./Core/Src/main.o
 .text.MX_GPIO_Init
                0x0000000008000618       0xd8 ./Core/Src/main.o
 .text.Error_Handler
                0x00000000080006f0        0xa ./Core/Src/main.o
                0x00000000080006f0                Error_Handler
 *fill*         0x00000000080006fa        0x2 
 .text.HAL_MspInit
                0x00000000080006fc       0x64 ./Core/Src/stm32f1xx_hal_msp.o
                0x00000000080006fc                HAL_MspInit
 .text.HAL_ADC_MspInit
                0x0000000008000760       0x3c ./Core/Src/stm32f1xx_hal_msp.o
                0x0000000008000760                HAL_ADC_MspInit
 .text.HAL_SPI_MspInit
                0x000000000800079c       0xe8 ./Core/Src/stm32f1xx_hal_msp.o
                0x000000000800079c                HAL_SPI_MspInit
 .text.NMI_Handler
                0x0000000008000884        0x6 ./Core/Src/stm32f1xx_it.o
                0x0000000008000884                NMI_Handler
 .text.HardFault_Handler
                0x000000000800088a        0x6 ./Core/Src/stm32f1xx_it.o
                0x000000000800088a                HardFault_Handler
 .text.MemManage_Handler
                0x0000000008000890        0x6 ./Core/Src/stm32f1xx_it.o
                0x0000000008000890                MemManage_Handler
 .text.BusFault_Handler
                0x0000000008000896        0x6 ./Core/Src/stm32f1xx_it.o
                0x0000000008000896                BusFault_Handler
 .text.UsageFault_Handler
                0x000000000800089c        0x6 ./Core/Src/stm32f1xx_it.o
                0x000000000800089c                UsageFault_Handler
 .text.SVC_Handler
                0x00000000080008a2        0xc ./Core/Src/stm32f1xx_it.o
                0x00000000080008a2                SVC_Handler
 .text.DebugMon_Handler
                0x00000000080008ae        0xc ./Core/Src/stm32f1xx_it.o
                0x00000000080008ae                DebugMon_Handler
 .text.PendSV_Handler
                0x00000000080008ba        0xc ./Core/Src/stm32f1xx_it.o
                0x00000000080008ba                PendSV_Handler
 .text.SysTick_Handler
                0x00000000080008c6        0xc ./Core/Src/stm32f1xx_it.o
                0x00000000080008c6                SysTick_Handler
 *fill*         0x00000000080008d2        0x2 
 .text.DMA1_Channel3_IRQHandler
                0x00000000080008d4       0x14 ./Core/Src/stm32f1xx_it.o
                0x00000000080008d4                DMA1_Channel3_IRQHandler
 .text.USB_LP_CAN1_RX0_IRQHandler
                0x00000000080008e8       0x14 ./Core/Src/stm32f1xx_it.o
                0x00000000080008e8                USB_LP_CAN1_RX0_IRQHandler
 .text.SystemInit
                0x00000000080008fc        0xc ./Core/Src/system_stm32f1xx.o
                0x00000000080008fc                SystemInit
 .text.w25qDiskInitialize
                0x0000000008000908        0xe ./Core/Src/w25q.o
                0x0000000008000908                w25qDiskInitialize
 *fill*         0x0000000008000916        0x2 
 .text.w25qWaitForReady
                0x0000000008000918       0x64 ./Core/Src/w25q.o
                0x0000000008000918                w25qWaitForReady
 .text.w25qSetBlockProtect
                0x000000000800097c       0x74 ./Core/Src/w25q.o
                0x000000000800097c                w25qSetBlockProtect
 .text.w25qReadSector
                0x00000000080009f0       0x74 ./Core/Src/w25q.o
                0x00000000080009f0                w25qReadSector
 .text.w25qWriteSector
                0x0000000008000a64       0x4c ./Core/Src/w25q.o
                0x0000000008000a64                w25qWriteSector
 .text.w25qReadPage
                0x0000000008000ab0       0x68 ./Core/Src/w25q.o
                0x0000000008000ab0                w25qReadPage
 .text.w25qWritePage
                0x0000000008000b18       0xc0 ./Core/Src/w25q.o
                0x0000000008000b18                w25qWritePage
 .text.w25qEraseSector
                0x0000000008000bd8       0xb8 ./Core/Src/w25q.o
                0x0000000008000bd8                w25qEraseSector
 .text.Reset_Handler
                0x0000000008000c90       0x48 ./Core/Startup/startup_stm32f103c8tx.o
                0x0000000008000c90                Reset_Handler
 .text.Default_Handler
                0x0000000008000cd8        0x2 ./Core/Startup/startup_stm32f103c8tx.o
                0x0000000008000cd8                RTC_Alarm_IRQHandler
                0x0000000008000cd8                EXTI2_IRQHandler
                0x0000000008000cd8                TIM1_CC_IRQHandler
                0x0000000008000cd8                PVD_IRQHandler
                0x0000000008000cd8                EXTI3_IRQHandler
                0x0000000008000cd8                EXTI0_IRQHandler
                0x0000000008000cd8                I2C2_EV_IRQHandler
                0x0000000008000cd8                ADC1_2_IRQHandler
                0x0000000008000cd8                SPI1_IRQHandler
                0x0000000008000cd8                TAMPER_IRQHandler
                0x0000000008000cd8                DMA1_Channel4_IRQHandler
                0x0000000008000cd8                USART3_IRQHandler
                0x0000000008000cd8                RTC_IRQHandler
                0x0000000008000cd8                DMA1_Channel7_IRQHandler
                0x0000000008000cd8                CAN1_RX1_IRQHandler
                0x0000000008000cd8                TIM4_IRQHandler
                0x0000000008000cd8                I2C1_EV_IRQHandler
                0x0000000008000cd8                DMA1_Channel6_IRQHandler
                0x0000000008000cd8                TIM3_IRQHandler
                0x0000000008000cd8                RCC_IRQHandler
                0x0000000008000cd8                TIM1_TRG_COM_IRQHandler
                0x0000000008000cd8                DMA1_Channel1_IRQHandler
                0x0000000008000cd8                Default_Handler
                0x0000000008000cd8                EXTI15_10_IRQHandler
                0x0000000008000cd8                EXTI9_5_IRQHandler
                0x0000000008000cd8                SPI2_IRQHandler
                0x0000000008000cd8                DMA1_Channel5_IRQHandler
                0x0000000008000cd8                EXTI4_IRQHandler
                0x0000000008000cd8                USB_HP_CAN1_TX_IRQHandler
                0x0000000008000cd8                TIM1_UP_IRQHandler
                0x0000000008000cd8                WWDG_IRQHandler
                0x0000000008000cd8                TIM2_IRQHandler
                0x0000000008000cd8                TIM1_BRK_IRQHandler
                0x0000000008000cd8                EXTI1_IRQHandler
                0x0000000008000cd8                USART2_IRQHandler
                0x0000000008000cd8                I2C2_ER_IRQHandler
                0x0000000008000cd8                DMA1_Channel2_IRQHandler
                0x0000000008000cd8                CAN1_SCE_IRQHandler
                0x0000000008000cd8                FLASH_IRQHandler
                0x0000000008000cd8                USART1_IRQHandler
                0x0000000008000cd8                I2C1_ER_IRQHandler
                0x0000000008000cd8                USBWakeUp_IRQHandler
 *fill*         0x0000000008000cda        0x2 
 .text.HAL_Init
                0x0000000008000cdc       0x2c ./Drivers/STM32F1xx_HAL_Driver/Src/stm32f1xx_hal.o
                0x0000000008000cdc                HAL_Init
 .text.HAL_InitTick
                0x0000000008000d08       0x60 ./Drivers/STM32F1xx_HAL_Driver/Src/stm32f1xx_hal.o
                0x0000000008000d08                HAL_InitTick
 .text.HAL_IncTick
                0x0000000008000d68       0x24 ./Drivers/STM32F1xx_HAL_Driver/Src/stm32f1xx_hal.o
                0x0000000008000d68                HAL_IncTick
 .text.HAL_GetTick
                0x0000000008000d8c       0x14 ./Drivers/STM32F1xx_HAL_Driver/Src/stm32f1xx_hal.o
                0x0000000008000d8c                HAL_GetTick
 .text.HAL_Delay
                0x0000000008000da0       0x48 ./Drivers/STM32F1xx_HAL_Driver/Src/stm32f1xx_hal.o
                0x0000000008000da0                HAL_Delay
 .text.HAL_ADC_Init
                0x0000000008000de8      0x1b0 ./Drivers/STM32F1xx_HAL_Driver/Src/stm32f1xx_hal_adc.o
                0x0000000008000de8                HAL_ADC_Init
 .text.HAL_ADC_ConfigChannel
                0x0000000008000f98      0x1f0 ./Drivers/STM32F1xx_HAL_Driver/Src/stm32f1xx_hal_adc.o
                0x0000000008000f98                HAL_ADC_ConfigChannel
 .text.ADC_ConversionStop_Disable
                0x0000000008001188       0x82 ./Drivers/STM32F1xx_HAL_Driver/Src/stm32f1xx_hal_adc.o
                0x0000000008001188                ADC_ConversionStop_Disable
 *fill*         0x000000000800120a        0x2 
 .text.__NVIC_SetPriorityGrouping
                0x000000000800120c       0x48 ./Drivers/STM32F1xx_HAL_Driver/Src/stm32f1xx_hal_cortex.o
 .text.__NVIC_GetPriorityGrouping
                0x0000000008001254       0x1c ./Drivers/STM32F1xx_HAL_Driver/Src/stm32f1xx_hal_cortex.o
 .text.__NVIC_EnableIRQ
                0x0000000008001270       0x38 ./Drivers/STM32F1xx_HAL_Driver/Src/stm32f1xx_hal_cortex.o
 .text.__NVIC_SetPriority
                0x00000000080012a8       0x54 ./Drivers/STM32F1xx_HAL_Driver/Src/stm32f1xx_hal_cortex.o
 .text.NVIC_EncodePriority
                0x00000000080012fc       0x64 ./Drivers/STM32F1xx_HAL_Driver/Src/stm32f1xx_hal_cortex.o
 .text.SysTick_Config
                0x0000000008001360       0x44 ./Drivers/STM32F1xx_HAL_Driver/Src/stm32f1xx_hal_cortex.o
 .text.HAL_NVIC_SetPriorityGrouping
                0x00000000080013a4       0x16 ./Drivers/STM32F1xx_HAL_Driver/Src/stm32f1xx_hal_cortex.o
                0x00000000080013a4                HAL_NVIC_SetPriorityGrouping
 .text.HAL_NVIC_SetPriority
                0x00000000080013ba       0x38 ./Drivers/STM32F1xx_HAL_Driver/Src/stm32f1xx_hal_cortex.o
                0x00000000080013ba                HAL_NVIC_SetPriority
 .text.HAL_NVIC_EnableIRQ
                0x00000000080013f2       0x1c ./Drivers/STM32F1xx_HAL_Driver/Src/stm32f1xx_hal_cortex.o
                0x00000000080013f2                HAL_NVIC_EnableIRQ
 .text.HAL_SYSTICK_Config
                0x000000000800140e       0x18 ./Drivers/STM32F1xx_HAL_Driver/Src/stm32f1xx_hal_cortex.o
                0x000000000800140e                HAL_SYSTICK_Config
 *fill*         0x0000000008001426        0x2 
 .text.HAL_DMA_Init
                0x0000000008001428       0xb4 ./Drivers/STM32F1xx_HAL_Driver/Src/stm32f1xx_hal_dma.o
                0x0000000008001428                HAL_DMA_Init
 .text.HAL_DMA_IRQHandler
                0x00000000080014dc      0x20c ./Drivers/STM32F1xx_HAL_Driver/Src/stm32f1xx_hal_dma.o
                0x00000000080014dc                HAL_DMA_IRQHandler
 .text.HAL_GPIO_Init
                0x00000000080016e8      0x308 ./Drivers/STM32F1xx_HAL_Driver/Src/stm32f1xx_hal_gpio.o
                0x00000000080016e8                HAL_GPIO_Init
 .text.HAL_GPIO_WritePin
                0x00000000080019f0       0x30 ./Drivers/STM32F1xx_HAL_Driver/Src/stm32f1xx_hal_gpio.o
                0x00000000080019f0                HAL_GPIO_WritePin
 .text.HAL_PCD_Init
                0x0000000008001a20      0x1fe ./Drivers/STM32F1xx_HAL_Driver/Src/stm32f1xx_hal_pcd.o
                0x0000000008001a20                HAL_PCD_Init
 .text.HAL_PCD_Start
                0x0000000008001c1e       0x4c ./Drivers/STM32F1xx_HAL_Driver/Src/stm32f1xx_hal_pcd.o
                0x0000000008001c1e                HAL_PCD_Start
 .text.HAL_PCD_IRQHandler
                0x0000000008001c6a      0x260 ./Drivers/STM32F1xx_HAL_Driver/Src/stm32f1xx_hal_pcd.o
                0x0000000008001c6a                HAL_PCD_IRQHandler
 .text.HAL_PCD_SetAddress
                0x0000000008001eca       0x4a ./Drivers/STM32F1xx_HAL_Driver/Src/stm32f1xx_hal_pcd.o
                0x0000000008001eca                HAL_PCD_SetAddress
 .text.HAL_PCD_EP_Open
                0x0000000008001f14       0xba ./Drivers/STM32F1xx_HAL_Driver/Src/stm32f1xx_hal_pcd.o
                0x0000000008001f14                HAL_PCD_EP_Open
 .text.HAL_PCD_EP_Close
                0x0000000008001fce       0x90 ./Drivers/STM32F1xx_HAL_Driver/Src/stm32f1xx_hal_pcd.o
                0x0000000008001fce                HAL_PCD_EP_Close
 .text.HAL_PCD_EP_Receive
                0x000000000800205e       0x62 ./Drivers/STM32F1xx_HAL_Driver/Src/stm32f1xx_hal_pcd.o
                0x000000000800205e                HAL_PCD_EP_Receive
 .text.HAL_PCD_EP_GetRxCount
                0x00000000080020c0       0x2e ./Drivers/STM32F1xx_HAL_Driver/Src/stm32f1xx_hal_pcd.o
                0x00000000080020c0                HAL_PCD_EP_GetRxCount
 .text.HAL_PCD_EP_Transmit
                0x00000000080020ee       0x6e ./Drivers/STM32F1xx_HAL_Driver/Src/stm32f1xx_hal_pcd.o
                0x00000000080020ee                HAL_PCD_EP_Transmit
 .text.HAL_PCD_EP_SetStall
                0x000000000800215c       0xc0 ./Drivers/STM32F1xx_HAL_Driver/Src/stm32f1xx_hal_pcd.o
                0x000000000800215c                HAL_PCD_EP_SetStall
 .text.HAL_PCD_EP_ClrStall
                0x000000000800221c       0xa8 ./Drivers/STM32F1xx_HAL_Driver/Src/stm32f1xx_hal_pcd.o
                0x000000000800221c                HAL_PCD_EP_ClrStall
 .text.HAL_PCD_EP_Flush
                0x00000000080022c4       0x5a ./Drivers/STM32F1xx_HAL_Driver/Src/stm32f1xx_hal_pcd.o
                0x00000000080022c4                HAL_PCD_EP_Flush
 .text.PCD_EP_ISR_Handler
                0x000000000800231e      0x7a6 ./Drivers/STM32F1xx_HAL_Driver/Src/stm32f1xx_hal_pcd.o
 .text.HAL_PCD_EP_DB_Receive
                0x0000000008002ac4      0x21a ./Drivers/STM32F1xx_HAL_Driver/Src/stm32f1xx_hal_pcd.o
 .text.HAL_PCD_EP_DB_Transmit
                0x0000000008002cde      0x7f4 ./Drivers/STM32F1xx_HAL_Driver/Src/stm32f1xx_hal_pcd.o
 .text.HAL_PCDEx_PMAConfig
                0x00000000080034d2       0x84 ./Drivers/STM32F1xx_HAL_Driver/Src/stm32f1xx_hal_pcd_ex.o
                0x00000000080034d2                HAL_PCDEx_PMAConfig
 *fill*         0x0000000008003556        0x2 
 .text.HAL_RCC_OscConfig
                0x0000000008003558      0x504 ./Drivers/STM32F1xx_HAL_Driver/Src/stm32f1xx_hal_rcc.o
                0x0000000008003558                HAL_RCC_OscConfig
 .text.HAL_RCC_ClockConfig
                0x0000000008003a5c      0x1d4 ./Drivers/STM32F1xx_HAL_Driver/Src/stm32f1xx_hal_rcc.o
                0x0000000008003a5c                HAL_RCC_ClockConfig
 .text.HAL_RCC_GetSysClockFreq
                0x0000000008003c30       0xa8 ./Drivers/STM32F1xx_HAL_Driver/Src/stm32f1xx_hal_rcc.o
                0x0000000008003c30                HAL_RCC_GetSysClockFreq
 .text.RCC_Delay
                0x0000000008003cd8       0x3c ./Drivers/STM32F1xx_HAL_Driver/Src/stm32f1xx_hal_rcc.o
 .text.HAL_RCCEx_PeriphCLKConfig
                0x0000000008003d14      0x16c ./Drivers/STM32F1xx_HAL_Driver/Src/stm32f1xx_hal_rcc_ex.o
                0x0000000008003d14                HAL_RCCEx_PeriphCLKConfig
 .text.HAL_SPI_Init
                0x0000000008003e80      0x108 ./Drivers/STM32F1xx_HAL_Driver/Src/stm32f1xx_hal_spi.o
                0x0000000008003e80                HAL_SPI_Init
 .text.HAL_SPI_Transmit
                0x0000000008003f88      0x286 ./Drivers/STM32F1xx_HAL_Driver/Src/stm32f1xx_hal_spi.o
                0x0000000008003f88                HAL_SPI_Transmit
 .text.HAL_SPI_Receive
                0x000000000800420e      0x230 ./Drivers/STM32F1xx_HAL_Driver/Src/stm32f1xx_hal_spi.o
                0x000000000800420e                HAL_SPI_Receive
 .text.HAL_SPI_TransmitReceive
                0x000000000800443e      0x360 ./Drivers/STM32F1xx_HAL_Driver/Src/stm32f1xx_hal_spi.o
                0x000000000800443e                HAL_SPI_TransmitReceive
 *fill*         0x000000000800479e        0x2 
 .text.SPI_WaitFlagStateUntilTimeout
                0x00000000080047a0      0x110 ./Drivers/STM32F1xx_HAL_Driver/Src/stm32f1xx_hal_spi.o
 .text.SPI_EndRxTransaction
                0x00000000080048b0       0xa4 ./Drivers/STM32F1xx_HAL_Driver/Src/stm32f1xx_hal_spi.o
 .text.SPI_EndRxTxTransaction
                0x0000000008004954       0x3c ./Drivers/STM32F1xx_HAL_Driver/Src/stm32f1xx_hal_spi.o
 .text.USB_CoreInit
                0x0000000008004990       0x20 ./Drivers/STM32F1xx_HAL_Driver/Src/stm32f1xx_ll_usb.o
                0x0000000008004990                USB_CoreInit
 .text.USB_EnableGlobalInt
                0x00000000080049b0       0x2c ./Drivers/STM32F1xx_HAL_Driver/Src/stm32f1xx_ll_usb.o
                0x00000000080049b0                USB_EnableGlobalInt
 .text.USB_DisableGlobalInt
                0x00000000080049dc       0x34 ./Drivers/STM32F1xx_HAL_Driver/Src/stm32f1xx_ll_usb.o
                0x00000000080049dc                USB_DisableGlobalInt
 .text.USB_SetCurrentMode
                0x0000000008004a10       0x18 ./Drivers/STM32F1xx_HAL_Driver/Src/stm32f1xx_ll_usb.o
                0x0000000008004a10                USB_SetCurrentMode
 .text.USB_DevInit
                0x0000000008004a28       0x40 ./Drivers/STM32F1xx_HAL_Driver/Src/stm32f1xx_ll_usb.o
                0x0000000008004a28                USB_DevInit
 .text.USB_FlushTxFifo
                0x0000000008004a68       0x16 ./Drivers/STM32F1xx_HAL_Driver/Src/stm32f1xx_ll_usb.o
                0x0000000008004a68                USB_FlushTxFifo
 .text.USB_FlushRxFifo
                0x0000000008004a7e       0x14 ./Drivers/STM32F1xx_HAL_Driver/Src/stm32f1xx_ll_usb.o
                0x0000000008004a7e                USB_FlushRxFifo
 *fill*         0x0000000008004a92        0x2 
 .text.USB_ActivateEndpoint
                0x0000000008004a94      0x780 ./Drivers/STM32F1xx_HAL_Driver/Src/stm32f1xx_ll_usb.o
                0x0000000008004a94                USB_ActivateEndpoint
 .text.USB_DeactivateEndpoint
                0x0000000008005214      0x3d8 ./Drivers/STM32F1xx_HAL_Driver/Src/stm32f1xx_ll_usb.o
                0x0000000008005214                USB_DeactivateEndpoint
 .text.USB_EPStartXfer
                0x00000000080055ec     0x1762 ./Drivers/STM32F1xx_HAL_Driver/Src/stm32f1xx_ll_usb.o
                0x00000000080055ec                USB_EPStartXfer
 .text.USB_EPSetStall
                0x0000000008006d4e       0xa0 ./Drivers/STM32F1xx_HAL_Driver/Src/stm32f1xx_ll_usb.o
                0x0000000008006d4e                USB_EPSetStall
 .text.USB_EPClearStall
                0x0000000008006dee      0x15a ./Drivers/STM32F1xx_HAL_Driver/Src/stm32f1xx_ll_usb.o
                0x0000000008006dee                USB_EPClearStall
 .text.USB_SetDevAddress
                0x0000000008006f48       0x26 ./Drivers/STM32F1xx_HAL_Driver/Src/stm32f1xx_ll_usb.o
                0x0000000008006f48                USB_SetDevAddress
 .text.USB_DevConnect
                0x0000000008006f6e       0x14 ./Drivers/STM32F1xx_HAL_Driver/Src/stm32f1xx_ll_usb.o
                0x0000000008006f6e                USB_DevConnect
 .text.USB_DevDisconnect
                0x0000000008006f82       0x14 ./Drivers/STM32F1xx_HAL_Driver/Src/stm32f1xx_ll_usb.o
                0x0000000008006f82                USB_DevDisconnect
 .text.USB_ReadInterrupts
                0x0000000008006f96       0x1e ./Drivers/STM32F1xx_HAL_Driver/Src/stm32f1xx_ll_usb.o
                0x0000000008006f96                USB_ReadInterrupts
 .text.USB_EP0_OutStart
                0x0000000008006fb4       0x16 ./Drivers/STM32F1xx_HAL_Driver/Src/stm32f1xx_ll_usb.o
                0x0000000008006fb4                USB_EP0_OutStart
 .text.USB_WritePMA
                0x0000000008006fca       0x8a ./Drivers/STM32F1xx_HAL_Driver/Src/stm32f1xx_ll_usb.o
                0x0000000008006fca                USB_WritePMA
 .text.USB_ReadPMA
                0x0000000008007054       0x9e ./Drivers/STM32F1xx_HAL_Driver/Src/stm32f1xx_ll_usb.o
                0x0000000008007054                USB_ReadPMA
 *fill*         0x00000000080070f2        0x2 
 .text.MX_FATFS_Init
                0x00000000080070f4       0x24 ./FATFS/App/fatfs.o
                0x00000000080070f4                MX_FATFS_Init
 .text.get_fattime
                0x0000000008007118        0xe ./FATFS/App/fatfs.o
                0x0000000008007118                get_fattime
 .text.USER_initialize
                0x0000000008007126       0x2c ./FATFS/Target/user_diskio.o
                0x0000000008007126                USER_initialize
 .text.USER_status
                0x0000000008007152       0x16 ./FATFS/Target/user_diskio.o
                0x0000000008007152                USER_status
 .text.USER_read
                0x0000000008007168       0x44 ./FATFS/Target/user_diskio.o
                0x0000000008007168                USER_read
 .text.USER_write
                0x00000000080071ac       0x4e ./FATFS/Target/user_diskio.o
                0x00000000080071ac                USER_write
 *fill*         0x00000000080071fa        0x2 
 .text.USER_ioctl
                0x00000000080071fc       0x5c ./FATFS/Target/user_diskio.o
                0x00000000080071fc                USER_ioctl
 .text.USBD_MSC_Init
                0x0000000008007258       0x94 ./Middlewares/ST/STM32_USB_Device_Library/Class/MSC/Src/usbd_msc.o
                0x0000000008007258                USBD_MSC_Init
 .text.USBD_MSC_DeInit
                0x00000000080072ec       0x58 ./Middlewares/ST/STM32_USB_Device_Library/Class/MSC/Src/usbd_msc.o
                0x00000000080072ec                USBD_MSC_DeInit
 .text.USBD_MSC_Setup
                0x0000000008007344      0x26c ./Middlewares/ST/STM32_USB_Device_Library/Class/MSC/Src/usbd_msc.o
                0x0000000008007344                USBD_MSC_Setup
 .text.USBD_MSC_DataIn
                0x00000000080075b0       0x20 ./Middlewares/ST/STM32_USB_Device_Library/Class/MSC/Src/usbd_msc.o
                0x00000000080075b0                USBD_MSC_DataIn
 .text.USBD_MSC_DataOut
                0x00000000080075d0       0x20 ./Middlewares/ST/STM32_USB_Device_Library/Class/MSC/Src/usbd_msc.o
                0x00000000080075d0                USBD_MSC_DataOut
 .text.USBD_MSC_GetHSCfgDesc
                0x00000000080075f0       0x20 ./Middlewares/ST/STM32_USB_Device_Library/Class/MSC/Src/usbd_msc.o
                0x00000000080075f0                USBD_MSC_GetHSCfgDesc
 .text.USBD_MSC_GetFSCfgDesc
                0x0000000008007610       0x20 ./Middlewares/ST/STM32_USB_Device_Library/Class/MSC/Src/usbd_msc.o
                0x0000000008007610                USBD_MSC_GetFSCfgDesc
 .text.USBD_MSC_GetOtherSpeedCfgDesc
                0x0000000008007630       0x20 ./Middlewares/ST/STM32_USB_Device_Library/Class/MSC/Src/usbd_msc.o
                0x0000000008007630                USBD_MSC_GetOtherSpeedCfgDesc
 .text.USBD_MSC_GetDeviceQualifierDescriptor
                0x0000000008007650       0x20 ./Middlewares/ST/STM32_USB_Device_Library/Class/MSC/Src/usbd_msc.o
                0x0000000008007650                USBD_MSC_GetDeviceQualifierDescriptor
 .text.USBD_MSC_RegisterStorage
                0x0000000008007670       0x24 ./Middlewares/ST/STM32_USB_Device_Library/Class/MSC/Src/usbd_msc.o
                0x0000000008007670                USBD_MSC_RegisterStorage
 .text.MSC_BOT_Init
                0x0000000008007694       0x60 ./Middlewares/ST/STM32_USB_Device_Library/Class/MSC/Src/usbd_msc_bot.o
                0x0000000008007694                MSC_BOT_Init
 .text.MSC_BOT_Reset
                0x00000000080076f4       0x34 ./Middlewares/ST/STM32_USB_Device_Library/Class/MSC/Src/usbd_msc_bot.o
                0x00000000080076f4                MSC_BOT_Reset
 .text.MSC_BOT_DeInit
                0x0000000008007728       0x20 ./Middlewares/ST/STM32_USB_Device_Library/Class/MSC/Src/usbd_msc_bot.o
                0x0000000008007728                MSC_BOT_DeInit
 .text.MSC_BOT_DataIn
                0x0000000008007748       0x64 ./Middlewares/ST/STM32_USB_Device_Library/Class/MSC/Src/usbd_msc_bot.o
                0x0000000008007748                MSC_BOT_DataIn
 .text.MSC_BOT_DataOut
                0x00000000080077ac       0x56 ./Middlewares/ST/STM32_USB_Device_Library/Class/MSC/Src/usbd_msc_bot.o
                0x00000000080077ac                MSC_BOT_DataOut
 *fill*         0x0000000008007802        0x2 
 .text.MSC_BOT_CBW_Decode
                0x0000000008007804      0x10c ./Middlewares/ST/STM32_USB_Device_Library/Class/MSC/Src/usbd_msc_bot.o
 .text.MSC_BOT_SendData
                0x0000000008007910       0x62 ./Middlewares/ST/STM32_USB_Device_Library/Class/MSC/Src/usbd_msc_bot.o
 *fill*         0x0000000008007972        0x2 
 .text.MSC_BOT_SendCSW
                0x0000000008007974       0x58 ./Middlewares/ST/STM32_USB_Device_Library/Class/MSC/Src/usbd_msc_bot.o
                0x0000000008007974                MSC_BOT_SendCSW
 .text.MSC_BOT_Abort
                0x00000000080079cc       0x5c ./Middlewares/ST/STM32_USB_Device_Library/Class/MSC/Src/usbd_msc_bot.o
 .text.MSC_BOT_CplClrFeature
                0x0000000008007a28       0x4e ./Middlewares/ST/STM32_USB_Device_Library/Class/MSC/Src/usbd_msc_bot.o
                0x0000000008007a28                MSC_BOT_CplClrFeature
 *fill*         0x0000000008007a76        0x2 
 .text.SCSI_ProcessCmd
                0x0000000008007a78      0x250 ./Middlewares/ST/STM32_USB_Device_Library/Class/MSC/Src/usbd_msc_scsi.o
                0x0000000008007a78                SCSI_ProcessCmd
 .text.SCSI_TestUnitReady
                0x0000000008007cc8       0x72 ./Middlewares/ST/STM32_USB_Device_Library/Class/MSC/Src/usbd_msc_scsi.o
 *fill*         0x0000000008007d3a        0x2 
 .text.SCSI_Inquiry
                0x0000000008007d3c       0xbc ./Middlewares/ST/STM32_USB_Device_Library/Class/MSC/Src/usbd_msc_scsi.o
 .text.SCSI_ReadCapacity10
                0x0000000008007df8       0xce ./Middlewares/ST/STM32_USB_Device_Library/Class/MSC/Src/usbd_msc_scsi.o
 .text.SCSI_ReadFormatCapacity
                0x0000000008007ec6       0xc8 ./Middlewares/ST/STM32_USB_Device_Library/Class/MSC/Src/usbd_msc_scsi.o
 *fill*         0x0000000008007f8e        0x2 
 .text.SCSI_ModeSense6
                0x0000000008007f90       0x50 ./Middlewares/ST/STM32_USB_Device_Library/Class/MSC/Src/usbd_msc_scsi.o
 .text.SCSI_ModeSense10
                0x0000000008007fe0       0x50 ./Middlewares/ST/STM32_USB_Device_Library/Class/MSC/Src/usbd_msc_scsi.o
 .text.SCSI_RequestSense
                0x0000000008008030       0xd4 ./Middlewares/ST/STM32_USB_Device_Library/Class/MSC/Src/usbd_msc_scsi.o
 .text.SCSI_SenseCode
                0x0000000008008104       0x72 ./Middlewares/ST/STM32_USB_Device_Library/Class/MSC/Src/usbd_msc_scsi.o
                0x0000000008008104                SCSI_SenseCode
 .text.SCSI_StartStopUnit
                0x0000000008008176       0x28 ./Middlewares/ST/STM32_USB_Device_Library/Class/MSC/Src/usbd_msc_scsi.o
 .text.SCSI_Read10
                0x000000000800819e      0x118 ./Middlewares/ST/STM32_USB_Device_Library/Class/MSC/Src/usbd_msc_scsi.o
 .text.SCSI_Write10
                0x00000000080082b6      0x160 ./Middlewares/ST/STM32_USB_Device_Library/Class/MSC/Src/usbd_msc_scsi.o
 .text.SCSI_Verify10
                0x0000000008008416       0x66 ./Middlewares/ST/STM32_USB_Device_Library/Class/MSC/Src/usbd_msc_scsi.o
 .text.SCSI_CheckAddressRange
                0x000000000800847c       0x44 ./Middlewares/ST/STM32_USB_Device_Library/Class/MSC/Src/usbd_msc_scsi.o
 .text.SCSI_ProcessRead
                0x00000000080084c0       0xe8 ./Middlewares/ST/STM32_USB_Device_Library/Class/MSC/Src/usbd_msc_scsi.o
 .text.SCSI_ProcessWrite
                0x00000000080085a8      0x108 ./Middlewares/ST/STM32_USB_Device_Library/Class/MSC/Src/usbd_msc_scsi.o
 .text.USBD_Init
                0x00000000080086b0       0x56 ./Middlewares/ST/STM32_USB_Device_Library/Core/Src/usbd_core.o
                0x00000000080086b0                USBD_Init
 .text.USBD_RegisterClass
                0x0000000008008706       0x32 ./Middlewares/ST/STM32_USB_Device_Library/Core/Src/usbd_core.o
                0x0000000008008706                USBD_RegisterClass
 .text.USBD_Start
                0x0000000008008738       0x18 ./Middlewares/ST/STM32_USB_Device_Library/Core/Src/usbd_core.o
                0x0000000008008738                USBD_Start
 .text.USBD_RunTestMode
                0x0000000008008750       0x14 ./Middlewares/ST/STM32_USB_Device_Library/Core/Src/usbd_core.o
                0x0000000008008750                USBD_RunTestMode
 .text.USBD_SetClassConfig
                0x0000000008008764       0x3e ./Middlewares/ST/STM32_USB_Device_Library/Core/Src/usbd_core.o
                0x0000000008008764                USBD_SetClassConfig
 .text.USBD_ClrClassConfig
                0x00000000080087a2       0x26 ./Middlewares/ST/STM32_USB_Device_Library/Core/Src/usbd_core.o
                0x00000000080087a2                USBD_ClrClassConfig
 .text.USBD_LL_SetupStage
                0x00000000080087c8       0x9a ./Middlewares/ST/STM32_USB_Device_Library/Core/Src/usbd_core.o
                0x00000000080087c8                USBD_LL_SetupStage
 .text.USBD_LL_DataOutStage
                0x0000000008008862       0xe2 ./Middlewares/ST/STM32_USB_Device_Library/Core/Src/usbd_core.o
                0x0000000008008862                USBD_LL_DataOutStage
 .text.USBD_LL_DataInStage
                0x0000000008008944      0x14a ./Middlewares/ST/STM32_USB_Device_Library/Core/Src/usbd_core.o
                0x0000000008008944                USBD_LL_DataInStage
 .text.USBD_LL_Reset
                0x0000000008008a8e       0x82 ./Middlewares/ST/STM32_USB_Device_Library/Core/Src/usbd_core.o
                0x0000000008008a8e                USBD_LL_Reset
 .text.USBD_LL_SetSpeed
                0x0000000008008b10       0x1e ./Middlewares/ST/STM32_USB_Device_Library/Core/Src/usbd_core.o
                0x0000000008008b10                USBD_LL_SetSpeed
 .text.USBD_LL_Suspend
                0x0000000008008b2e       0x28 ./Middlewares/ST/STM32_USB_Device_Library/Core/Src/usbd_core.o
                0x0000000008008b2e                USBD_LL_Suspend
 .text.USBD_LL_Resume
                0x0000000008008b56       0x2a ./Middlewares/ST/STM32_USB_Device_Library/Core/Src/usbd_core.o
                0x0000000008008b56                USBD_LL_Resume
 .text.USBD_LL_SOF
                0x0000000008008b80       0x34 ./Middlewares/ST/STM32_USB_Device_Library/Core/Src/usbd_core.o
                0x0000000008008b80                USBD_LL_SOF
 .text.USBD_StdDevReq
                0x0000000008008bb4       0xd4 ./Middlewares/ST/STM32_USB_Device_Library/Core/Src/usbd_ctlreq.o
                0x0000000008008bb4                USBD_StdDevReq
 .text.USBD_StdItfReq
                0x0000000008008c88       0x90 ./Middlewares/ST/STM32_USB_Device_Library/Core/Src/usbd_ctlreq.o
                0x0000000008008c88                USBD_StdItfReq
 .text.USBD_StdEPReq
                0x0000000008008d18      0x2c6 ./Middlewares/ST/STM32_USB_Device_Library/Core/Src/usbd_ctlreq.o
                0x0000000008008d18                USBD_StdEPReq
 *fill*         0x0000000008008fde        0x2 
 .text.USBD_GetDescriptor
                0x0000000008008fe0      0x2d0 ./Middlewares/ST/STM32_USB_Device_Library/Core/Src/usbd_ctlreq.o
 .text.USBD_SetAddress
                0x00000000080092b0       0x86 ./Middlewares/ST/STM32_USB_Device_Library/Core/Src/usbd_ctlreq.o
 *fill*         0x0000000008009336        0x2 
 .text.USBD_SetConfig
                0x0000000008009338      0x11c ./Middlewares/ST/STM32_USB_Device_Library/Core/Src/usbd_ctlreq.o
 .text.USBD_GetConfig
                0x0000000008009454       0x6a ./Middlewares/ST/STM32_USB_Device_Library/Core/Src/usbd_ctlreq.o
 .text.USBD_GetStatus
                0x00000000080094be       0x66 ./Middlewares/ST/STM32_USB_Device_Library/Core/Src/usbd_ctlreq.o
 .text.USBD_SetFeature
                0x0000000008009524       0x28 ./Middlewares/ST/STM32_USB_Device_Library/Core/Src/usbd_ctlreq.o
 .text.USBD_ClrFeature
                0x000000000800954c       0x42 ./Middlewares/ST/STM32_USB_Device_Library/Core/Src/usbd_ctlreq.o
 .text.USBD_ParseSetupRequest
                0x000000000800958e       0x78 ./Middlewares/ST/STM32_USB_Device_Library/Core/Src/usbd_ctlreq.o
                0x000000000800958e                USBD_ParseSetupRequest
 .text.USBD_CtlError
                0x0000000008009606       0x22 ./Middlewares/ST/STM32_USB_Device_Library/Core/Src/usbd_ctlreq.o
                0x0000000008009606                USBD_CtlError
 .text.USBD_GetString
                0x0000000008009628       0x84 ./Middlewares/ST/STM32_USB_Device_Library/Core/Src/usbd_ctlreq.o
                0x0000000008009628                USBD_GetString
 .text.USBD_GetLen
                0x00000000080096ac       0x2e ./Middlewares/ST/STM32_USB_Device_Library/Core/Src/usbd_ctlreq.o
 .text.USBD_CtlSendData
                0x00000000080096da       0x38 ./Middlewares/ST/STM32_USB_Device_Library/Core/Src/usbd_ioreq.o
                0x00000000080096da                USBD_CtlSendData
 .text.USBD_CtlContinueSendData
                0x0000000008009712       0x24 ./Middlewares/ST/STM32_USB_Device_Library/Core/Src/usbd_ioreq.o
                0x0000000008009712                USBD_CtlContinueSendData
 .text.USBD_CtlContinueRx
                0x0000000008009736       0x24 ./Middlewares/ST/STM32_USB_Device_Library/Core/Src/usbd_ioreq.o
                0x0000000008009736                USBD_CtlContinueRx
 .text.USBD_CtlSendStatus
                0x000000000800975a       0x26 ./Middlewares/ST/STM32_USB_Device_Library/Core/Src/usbd_ioreq.o
                0x000000000800975a                USBD_CtlSendStatus
 .text.USBD_CtlReceiveStatus
                0x0000000008009780       0x26 ./Middlewares/ST/STM32_USB_Device_Library/Core/Src/usbd_ioreq.o
                0x0000000008009780                USBD_CtlReceiveStatus
 *fill*         0x00000000080097a6        0x2 
 .text.disk_status
                0x00000000080097a8       0x34 ./Middlewares/Third_Party/FatFs/src/diskio.o
                0x00000000080097a8                disk_status
 .text.disk_initialize
                0x00000000080097dc       0x4c ./Middlewares/Third_Party/FatFs/src/diskio.o
                0x00000000080097dc                disk_initialize
 .text.disk_read
                0x0000000008009828       0x40 ./Middlewares/Third_Party/FatFs/src/diskio.o
                0x0000000008009828                disk_read
 .text.disk_write
                0x0000000008009868       0x40 ./Middlewares/Third_Party/FatFs/src/diskio.o
                0x0000000008009868                disk_write
 .text.disk_ioctl
                0x00000000080098a8       0x3c ./Middlewares/Third_Party/FatFs/src/diskio.o
                0x00000000080098a8                disk_ioctl
 .text.mem_cpy  0x00000000080098e4       0x3c ./Middlewares/Third_Party/FatFs/src/ff.o
 .text.mem_set  0x0000000008009920       0x34 ./Middlewares/Third_Party/FatFs/src/ff.o
 .text.mem_cmp  0x0000000008009954       0x4c ./Middlewares/Third_Party/FatFs/src/ff.o
 .text.chk_chr  0x00000000080099a0       0x34 ./Middlewares/Third_Party/FatFs/src/ff.o
 .text.chk_lock
                0x00000000080099d4       0xe0 ./Middlewares/Third_Party/FatFs/src/ff.o
 .text.enq_lock
                0x0000000008009ab4       0x48 ./Middlewares/Third_Party/FatFs/src/ff.o
 .text.inc_lock
                0x0000000008009afc      0x178 ./Middlewares/Third_Party/FatFs/src/ff.o
 .text.clear_lock
                0x0000000008009c74       0x54 ./Middlewares/Third_Party/FatFs/src/ff.o
 .text.sync_window
                0x0000000008009cc8       0xa4 ./Middlewares/Third_Party/FatFs/src/ff.o
 .text.move_window
                0x0000000008009d6c       0x64 ./Middlewares/Third_Party/FatFs/src/ff.o
 .text.clust2sect
                0x0000000008009dd0       0x48 ./Middlewares/Third_Party/FatFs/src/ff.o
                0x0000000008009dd0                clust2sect
 .text.get_fat  0x0000000008009e18      0x1f8 ./Middlewares/Third_Party/FatFs/src/ff.o
                0x0000000008009e18                get_fat
 .text.put_fat  0x000000000800a010      0x2a6 ./Middlewares/Third_Party/FatFs/src/ff.o
                0x000000000800a010                put_fat
 .text.remove_chain
                0x000000000800a2b6       0xc2 ./Middlewares/Third_Party/FatFs/src/ff.o
 .text.create_chain
                0x000000000800a378      0x150 ./Middlewares/Third_Party/FatFs/src/ff.o
 .text.dir_sdi  0x000000000800a4c8      0x19c ./Middlewares/Third_Party/FatFs/src/ff.o
 .text.dir_next
                0x000000000800a664      0x294 ./Middlewares/Third_Party/FatFs/src/ff.o
 .text.dir_alloc
                0x000000000800a8f8       0x9c ./Middlewares/Third_Party/FatFs/src/ff.o
 .text.ld_clust
                0x000000000800a994       0x5c ./Middlewares/Third_Party/FatFs/src/ff.o
 .text.st_clust
                0x000000000800a9f0       0x4c ./Middlewares/Third_Party/FatFs/src/ff.o
 .text.dir_find
                0x000000000800aa3c       0xa6 ./Middlewares/Third_Party/FatFs/src/ff.o
 .text.dir_register
                0x000000000800aae2       0x80 ./Middlewares/Third_Party/FatFs/src/ff.o
 *fill*         0x000000000800ab62        0x2 
 .text.create_name
                0x000000000800ab64      0x184 ./Middlewares/Third_Party/FatFs/src/ff.o
 .text.follow_path
                0x000000000800ace8       0xec ./Middlewares/Third_Party/FatFs/src/ff.o
 .text.get_ldnumber
                0x000000000800add4       0x86 ./Middlewares/Third_Party/FatFs/src/ff.o
 *fill*         0x000000000800ae5a        0x2 
 .text.check_fs
                0x000000000800ae5c       0xdc ./Middlewares/Third_Party/FatFs/src/ff.o
 .text.find_volume
                0x000000000800af38      0x664 ./Middlewares/Third_Party/FatFs/src/ff.o
 .text.f_mount  0x000000000800b59c       0x94 ./Middlewares/Third_Party/FatFs/src/ff.o
                0x000000000800b59c                f_mount
 .text.f_open   0x000000000800b630      0x60c ./Middlewares/Third_Party/FatFs/src/ff.o
                0x000000000800b630                f_open
 .text.f_mkfs   0x000000000800bc3c      0x9e4 ./Middlewares/Third_Party/FatFs/src/ff.o
                0x000000000800bc3c                f_mkfs
 .text.FATFS_LinkDriverEx
                0x000000000800c620       0x94 ./Middlewares/Third_Party/FatFs/src/ff_gen_drv.o
                0x000000000800c620                FATFS_LinkDriverEx
 .text.FATFS_LinkDriver
                0x000000000800c6b4       0x1e ./Middlewares/Third_Party/FatFs/src/ff_gen_drv.o
                0x000000000800c6b4                FATFS_LinkDriver
 *fill*         0x000000000800c6d2        0x2 
 .text.MX_USB_DEVICE_Init
                0x000000000800c6d4       0x60 ./USB_DEVICE/App/usb_device.o
                0x000000000800c6d4                MX_USB_DEVICE_Init
 .text.USBD_FS_DeviceDescriptor
                0x000000000800c734       0x24 ./USB_DEVICE/App/usbd_desc.o
                0x000000000800c734                USBD_FS_DeviceDescriptor
 .text.USBD_FS_LangIDStrDescriptor
                0x000000000800c758       0x24 ./USB_DEVICE/App/usbd_desc.o
                0x000000000800c758                USBD_FS_LangIDStrDescriptor
 .text.USBD_FS_ProductStrDescriptor
                0x000000000800c77c       0x3c ./USB_DEVICE/App/usbd_desc.o
                0x000000000800c77c                USBD_FS_ProductStrDescriptor
 .text.USBD_FS_ManufacturerStrDescriptor
                0x000000000800c7b8       0x28 ./USB_DEVICE/App/usbd_desc.o
                0x000000000800c7b8                USBD_FS_ManufacturerStrDescriptor
 .text.USBD_FS_SerialStrDescriptor
                0x000000000800c7e0       0x24 ./USB_DEVICE/App/usbd_desc.o
                0x000000000800c7e0                USBD_FS_SerialStrDescriptor
 .text.USBD_FS_ConfigStrDescriptor
                0x000000000800c804       0x3c ./USB_DEVICE/App/usbd_desc.o
                0x000000000800c804                USBD_FS_ConfigStrDescriptor
 .text.USBD_FS_InterfaceStrDescriptor
                0x000000000800c840       0x3c ./USB_DEVICE/App/usbd_desc.o
                0x000000000800c840                USBD_FS_InterfaceStrDescriptor
 .text.Get_SerialNum
                0x000000000800c87c       0x58 ./USB_DEVICE/App/usbd_desc.o
 .text.IntToUnicode
                0x000000000800c8d4       0x7c ./USB_DEVICE/App/usbd_desc.o
 .text.STORAGE_Init_FS
                0x000000000800c950       0x16 ./USB_DEVICE/App/usbd_storage_if.o
 .text.STORAGE_GetCapacity_FS
                0x000000000800c966       0x2a ./USB_DEVICE/App/usbd_storage_if.o
 .text.STORAGE_IsReady_FS
                0x000000000800c990       0x16 ./USB_DEVICE/App/usbd_storage_if.o
 .text.STORAGE_IsWriteProtected_FS
                0x000000000800c9a6       0x16 ./USB_DEVICE/App/usbd_storage_if.o
 .text.STORAGE_Read_FS
                0x000000000800c9bc       0x58 ./USB_DEVICE/App/usbd_storage_if.o
 .text.STORAGE_Write_FS
                0x000000000800ca14       0x40 ./USB_DEVICE/App/usbd_storage_if.o
 .text.STORAGE_GetMaxLun_FS
                0x000000000800ca54        0xe ./USB_DEVICE/App/usbd_storage_if.o
 *fill*         0x000000000800ca62        0x2 
 .text.HAL_PCD_MspInit
                0x000000000800ca64       0x4c ./USB_DEVICE/Target/usbd_conf.o
                0x000000000800ca64                HAL_PCD_MspInit
 .text.HAL_PCD_SetupStageCallback
                0x000000000800cab0       0x24 ./USB_DEVICE/Target/usbd_conf.o
                0x000000000800cab0                HAL_PCD_SetupStageCallback
 .text.HAL_PCD_DataOutStageCallback
                0x000000000800cad4       0x36 ./USB_DEVICE/Target/usbd_conf.o
                0x000000000800cad4                HAL_PCD_DataOutStageCallback
 .text.HAL_PCD_DataInStageCallback
                0x000000000800cb0a       0x34 ./USB_DEVICE/Target/usbd_conf.o
                0x000000000800cb0a                HAL_PCD_DataInStageCallback
 .text.HAL_PCD_SOFCallback
                0x000000000800cb3e       0x1c ./USB_DEVICE/Target/usbd_conf.o
                0x000000000800cb3e                HAL_PCD_SOFCallback
 .text.HAL_PCD_ResetCallback
                0x000000000800cb5a       0x3c ./USB_DEVICE/Target/usbd_conf.o
                0x000000000800cb5a                HAL_PCD_ResetCallback
 *fill*         0x000000000800cb96        0x2 
 .text.HAL_PCD_SuspendCallback
                0x000000000800cb98       0x34 ./USB_DEVICE/Target/usbd_conf.o
                0x000000000800cb98                HAL_PCD_SuspendCallback
 .text.HAL_PCD_ResumeCallback
                0x000000000800cbcc       0x1c ./USB_DEVICE/Target/usbd_conf.o
                0x000000000800cbcc                HAL_PCD_ResumeCallback
 .text.USBD_LL_Init
                0x000000000800cbe8       0xa0 ./USB_DEVICE/Target/usbd_conf.o
                0x000000000800cbe8                USBD_LL_Init
 .text.USBD_LL_Start
                0x000000000800cc88       0x36 ./USB_DEVICE/Target/usbd_conf.o
                0x000000000800cc88                USBD_LL_Start
 .text.USBD_LL_OpenEP
                0x000000000800ccbe       0x4c ./USB_DEVICE/Target/usbd_conf.o
                0x000000000800ccbe                USBD_LL_OpenEP
 .text.USBD_LL_CloseEP
                0x000000000800cd0a       0x3e ./USB_DEVICE/Target/usbd_conf.o
                0x000000000800cd0a                USBD_LL_CloseEP
 .text.USBD_LL_FlushEP
                0x000000000800cd48       0x3e ./USB_DEVICE/Target/usbd_conf.o
                0x000000000800cd48                USBD_LL_FlushEP
 .text.USBD_LL_StallEP
                0x000000000800cd86       0x3e ./USB_DEVICE/Target/usbd_conf.o
                0x000000000800cd86                USBD_LL_StallEP
 .text.USBD_LL_ClearStallEP
                0x000000000800cdc4       0x3e ./USB_DEVICE/Target/usbd_conf.o
                0x000000000800cdc4                USBD_LL_ClearStallEP
 .text.USBD_LL_IsStallEP
                0x000000000800ce02       0x58 ./USB_DEVICE/Target/usbd_conf.o
                0x000000000800ce02                USBD_LL_IsStallEP
 .text.USBD_LL_SetUSBAddress
                0x000000000800ce5a       0x3e ./USB_DEVICE/Target/usbd_conf.o
                0x000000000800ce5a                USBD_LL_SetUSBAddress
 .text.USBD_LL_Transmit
                0x000000000800ce98       0x46 ./USB_DEVICE/Target/usbd_conf.o
                0x000000000800ce98                USBD_LL_Transmit
 .text.USBD_LL_PrepareReceive
                0x000000000800cede       0x46 ./USB_DEVICE/Target/usbd_conf.o
                0x000000000800cede                USBD_LL_PrepareReceive
 .text.USBD_LL_GetRxDataSize
                0x000000000800cf24       0x26 ./USB_DEVICE/Target/usbd_conf.o
                0x000000000800cf24                USBD_LL_GetRxDataSize
 *fill*         0x000000000800cf4a        0x2 
 .text.USBD_static_malloc
                0x000000000800cf4c       0x18 ./USB_DEVICE/Target/usbd_conf.o
                0x000000000800cf4c                USBD_static_malloc
 .text.USBD_static_free
                0x000000000800cf64       0x12 ./USB_DEVICE/Target/usbd_conf.o
                0x000000000800cf64                USBD_static_free
 .text.HAL_PCDEx_SetConnectionState
                0x000000000800cf76       0x16 ./USB_DEVICE/Target/usbd_conf.o
                0x000000000800cf76                HAL_PCDEx_SetConnectionState
 .text.USBD_Get_USB_Status
                0x000000000800cf8c       0x58 ./USB_DEVICE/Target/usbd_conf.o
 .text.memset   0x000000000800cfe4       0x10 C:/Program Files/STMicroelectronics/STM32CubeIDE/plugins/com.st.stm32cube.ide.mcu.externaltools.gnu-tools-for-stm32.11.3.rel1.win32_1.1.1.202309131626/tools/bin/../lib/gcc/arm-none-eabi/11.3.1/../../../../arm-none-eabi/lib/thumb/v7-m/nofp\libc_nano.a(libc_a-memset.o)
                0x000000000800cfe4                memset
 .text.__libc_init_array
                0x000000000800cff4       0x48 C:/Program Files/STMicroelectronics/STM32CubeIDE/plugins/com.st.stm32cube.ide.mcu.externaltools.gnu-tools-for-stm32.11.3.rel1.win32_1.1.1.202309131626/tools/bin/../lib/gcc/arm-none-eabi/11.3.1/../../../../arm-none-eabi/lib/thumb/v7-m/nofp\libc_nano.a(libc_a-init.o)
                0x000000000800cff4                __libc_init_array
 .text.memcpy   0x000000000800d03c       0x1c C:/Program Files/STMicroelectronics/STM32CubeIDE/plugins/com.st.stm32cube.ide.mcu.externaltools.gnu-tools-for-stm32.11.3.rel1.win32_1.1.1.202309131626/tools/bin/../lib/gcc/arm-none-eabi/11.3.1/../../../../arm-none-eabi/lib/thumb/v7-m/nofp\libc_nano.a(libc_a-memcpy-stub.o)
                0x000000000800d03c                memcpy
 *(.glue_7)
 .glue_7        0x000000000800d058        0x0 linker stubs
 *(.glue_7t)
 .glue_7t       0x000000000800d058        0x0 linker stubs
 *(.eh_frame)
 .eh_frame      0x000000000800d058        0x0 C:/Program Files/STMicroelectronics/STM32CubeIDE/plugins/com.st.stm32cube.ide.mcu.externaltools.gnu-tools-for-stm32.11.3.rel1.win32_1.1.1.202309131626/tools/bin/../lib/gcc/arm-none-eabi/11.3.1/thumb/v7-m/nofp/crtbegin.o
 *(.init)
 .init          0x000000000800d058        0x4 C:/Program Files/STMicroelectronics/STM32CubeIDE/plugins/com.st.stm32cube.ide.mcu.externaltools.gnu-tools-for-stm32.11.3.rel1.win32_1.1.1.202309131626/tools/bin/../lib/gcc/arm-none-eabi/11.3.1/thumb/v7-m/nofp/crti.o
                0x000000000800d058                _init
 .init          0x000000000800d05c        0x8 C:/Program Files/STMicroelectronics/STM32CubeIDE/plugins/com.st.stm32cube.ide.mcu.externaltools.gnu-tools-for-stm32.11.3.rel1.win32_1.1.1.202309131626/tools/bin/../lib/gcc/arm-none-eabi/11.3.1/thumb/v7-m/nofp/crtn.o
 *(.fini)
 .fini          0x000000000800d064        0x4 C:/Program Files/STMicroelectronics/STM32CubeIDE/plugins/com.st.stm32cube.ide.mcu.externaltools.gnu-tools-for-stm32.11.3.rel1.win32_1.1.1.202309131626/tools/bin/../lib/gcc/arm-none-eabi/11.3.1/thumb/v7-m/nofp/crti.o
                0x000000000800d064                _fini
 .fini          0x000000000800d068        0x8 C:/Program Files/STMicroelectronics/STM32CubeIDE/plugins/com.st.stm32cube.ide.mcu.externaltools.gnu-tools-for-stm32.11.3.rel1.win32_1.1.1.202309131626/tools/bin/../lib/gcc/arm-none-eabi/11.3.1/thumb/v7-m/nofp/crtn.o
                0x000000000800d070                . = ALIGN (0x4)
                0x000000000800d070                _etext = .

.vfp11_veneer   0x000000000800d070        0x0
 .vfp11_veneer  0x000000000800d070        0x0 linker stubs

.v4_bx          0x000000000800d070        0x0
 .v4_bx         0x000000000800d070        0x0 linker stubs

.iplt           0x000000000800d070        0x0
 .iplt          0x000000000800d070        0x0 C:/Program Files/STMicroelectronics/STM32CubeIDE/plugins/com.st.stm32cube.ide.mcu.externaltools.gnu-tools-for-stm32.11.3.rel1.win32_1.1.1.202309131626/tools/bin/../lib/gcc/arm-none-eabi/11.3.1/thumb/v7-m/nofp/crtbegin.o

.rodata         0x000000000800d070      0x19c
                0x000000000800d070                . = ALIGN (0x4)
 *(.rodata)
 .rodata        0x000000000800d070       0x10 ./Core/Src/main.o
 .rodata        0x000000000800d080       0x44 ./Middlewares/Third_Party/FatFs/src/ff.o
 .rodata        0x000000000800d0c4       0x36 ./USB_DEVICE/App/usbd_desc.o
 *(.rodata*)
 *fill*         0x000000000800d0fa        0x2 
 .rodata.AHBPrescTable
                0x000000000800d0fc       0x10 ./Core/Src/system_stm32f1xx.o
                0x000000000800d0fc                AHBPrescTable
 .rodata.aPLLMULFactorTable.1
                0x000000000800d10c       0x10 ./Drivers/STM32F1xx_HAL_Driver/Src/stm32f1xx_hal_rcc.o
 .rodata.aPredivFactorTable.0
                0x000000000800d11c        0x2 ./Drivers/STM32F1xx_HAL_Driver/Src/stm32f1xx_hal_rcc.o
 *fill*         0x000000000800d11e        0x2 
 .rodata.MSC_Page00_Inquiry_Data
                0x000000000800d120        0x7 ./Middlewares/ST/STM32_USB_Device_Library/Class/MSC/Src/usbd_msc_data.o
                0x000000000800d120                MSC_Page00_Inquiry_Data
 *fill*         0x000000000800d127        0x1 
 .rodata.MSC_Mode_Sense6_data
                0x000000000800d128        0x8 ./Middlewares/ST/STM32_USB_Device_Library/Class/MSC/Src/usbd_msc_data.o
                0x000000000800d128                MSC_Mode_Sense6_data
 .rodata.MSC_Mode_Sense10_data
                0x000000000800d130        0x8 ./Middlewares/ST/STM32_USB_Device_Library/Class/MSC/Src/usbd_msc_data.o
                0x000000000800d130                MSC_Mode_Sense10_data
 .rodata.ExCvt  0x000000000800d138       0x80 ./Middlewares/Third_Party/FatFs/src/ff.o
 .rodata.vst.1  0x000000000800d1b8       0x16 ./Middlewares/Third_Party/FatFs/src/ff.o
 *fill*         0x000000000800d1ce        0x2 
 .rodata.cst.0  0x000000000800d1d0       0x16 ./Middlewares/Third_Party/FatFs/src/ff.o
 *fill*         0x000000000800d1e6        0x2 
 .rodata.STORAGE_Inquirydata_FS
                0x000000000800d1e8       0x24 ./USB_DEVICE/App/usbd_storage_if.o
                0x000000000800d1e8                STORAGE_Inquirydata_FS
                0x000000000800d20c                . = ALIGN (0x4)

.rel.dyn        0x000000000800d20c        0x0
 .rel.iplt      0x000000000800d20c        0x0 C:/Program Files/STMicroelectronics/STM32CubeIDE/plugins/com.st.stm32cube.ide.mcu.externaltools.gnu-tools-for-stm32.11.3.rel1.win32_1.1.1.202309131626/tools/bin/../lib/gcc/arm-none-eabi/11.3.1/thumb/v7-m/nofp/crtbegin.o

.ARM.extab      0x000000000800d20c        0x0
                0x000000000800d20c                . = ALIGN (0x4)
 *(.ARM.extab* .gnu.linkonce.armextab.*)
                0x000000000800d20c                . = ALIGN (0x4)

.ARM            0x000000000800d20c        0x0
                0x000000000800d20c                . = ALIGN (0x4)
                0x000000000800d20c                __exidx_start = .
 *(.ARM.exidx*)
                0x000000000800d20c                __exidx_end = .
                0x000000000800d20c                . = ALIGN (0x4)

.preinit_array  0x000000000800d20c        0x0
                0x000000000800d20c                . = ALIGN (0x4)
                0x000000000800d20c                PROVIDE (__preinit_array_start = .)
 *(.preinit_array*)
                0x000000000800d20c                PROVIDE (__preinit_array_end = .)
                0x000000000800d20c                . = ALIGN (0x4)

.init_array     0x000000000800d20c        0x4
                0x000000000800d20c                . = ALIGN (0x4)
                0x000000000800d20c                PROVIDE (__init_array_start = .)
 *(SORT_BY_NAME(.init_array.*))
 *(.init_array*)
 .init_array    0x000000000800d20c        0x4 C:/Program Files/STMicroelectronics/STM32CubeIDE/plugins/com.st.stm32cube.ide.mcu.externaltools.gnu-tools-for-stm32.11.3.rel1.win32_1.1.1.202309131626/tools/bin/../lib/gcc/arm-none-eabi/11.3.1/thumb/v7-m/nofp/crtbegin.o
                0x000000000800d210                PROVIDE (__init_array_end = .)
                0x000000000800d210                . = ALIGN (0x4)

.fini_array     0x000000000800d210        0x4
                0x000000000800d210                . = ALIGN (0x4)
                [!provide]                        PROVIDE (__fini_array_start = .)
 *(SORT_BY_NAME(.fini_array.*))
 *(.fini_array*)
 .fini_array    0x000000000800d210        0x4 C:/Program Files/STMicroelectronics/STM32CubeIDE/plugins/com.st.stm32cube.ide.mcu.externaltools.gnu-tools-for-stm32.11.3.rel1.win32_1.1.1.202309131626/tools/bin/../lib/gcc/arm-none-eabi/11.3.1/thumb/v7-m/nofp/crtbegin.o
                [!provide]                        PROVIDE (__fini_array_end = .)
                0x000000000800d214                . = ALIGN (0x4)
                0x000000000800d214                _sidata = LOADADDR (.data)

.data           0x0000000020000000      0x134 load address 0x000000000800d214
                0x0000000020000000                . = ALIGN (0x4)
                0x0000000020000000                _sdata = .
 *(.data)
 *(.data*)
 .data.SystemCoreClock
                0x0000000020000000        0x4 ./Core/Src/system_stm32f1xx.o
                0x0000000020000000                SystemCoreClock
 .data.uwTickPrio
                0x0000000020000004        0x4 ./Drivers/STM32F1xx_HAL_Driver/Src/stm32f1xx_hal.o
                0x0000000020000004                uwTickPrio
 .data.uwTickFreq
                0x0000000020000008        0x1 ./Drivers/STM32F1xx_HAL_Driver/Src/stm32f1xx_hal.o
                0x0000000020000008                uwTickFreq
 *fill*         0x0000000020000009        0x3 
 .data.USER_Driver
                0x000000002000000c       0x14 ./FATFS/Target/user_diskio.o
                0x000000002000000c                USER_Driver
 .data.USBD_MSC
                0x0000000020000020       0x38 ./Middlewares/ST/STM32_USB_Device_Library/Class/MSC/Src/usbd_msc.o
                0x0000000020000020                USBD_MSC
 .data.USBD_MSC_CfgHSDesc
                0x0000000020000058       0x20 ./Middlewares/ST/STM32_USB_Device_Library/Class/MSC/Src/usbd_msc.o
                0x0000000020000058                USBD_MSC_CfgHSDesc
 .data.USBD_MSC_CfgFSDesc
                0x0000000020000078       0x20 ./Middlewares/ST/STM32_USB_Device_Library/Class/MSC/Src/usbd_msc.o
                0x0000000020000078                USBD_MSC_CfgFSDesc
 .data.USBD_MSC_OtherSpeedCfgDesc
                0x0000000020000098       0x20 ./Middlewares/ST/STM32_USB_Device_Library/Class/MSC/Src/usbd_msc.o
                0x0000000020000098                USBD_MSC_OtherSpeedCfgDesc
 .data.USBD_MSC_DeviceQualifierDesc
                0x00000000200000b8        0xa ./Middlewares/ST/STM32_USB_Device_Library/Class/MSC/Src/usbd_msc.o
                0x00000000200000b8                USBD_MSC_DeviceQualifierDesc
 *fill*         0x00000000200000c2        0x2 
 .data.FS_Desc  0x00000000200000c4       0x1c ./USB_DEVICE/App/usbd_desc.o
                0x00000000200000c4                FS_Desc
 .data.USBD_FS_DeviceDesc
                0x00000000200000e0       0x12 ./USB_DEVICE/App/usbd_desc.o
                0x00000000200000e0                USBD_FS_DeviceDesc
 *fill*         0x00000000200000f2        0x2 
 .data.USBD_LangIDDesc
                0x00000000200000f4        0x4 ./USB_DEVICE/App/usbd_desc.o
                0x00000000200000f4                USBD_LangIDDesc
 .data.USBD_StringSerial
                0x00000000200000f8       0x1a ./USB_DEVICE/App/usbd_desc.o
                0x00000000200000f8                USBD_StringSerial
 *fill*         0x0000000020000112        0x2 
 .data.USBD_Storage_Interface_fops_FS
                0x0000000020000114       0x20 ./USB_DEVICE/App/usbd_storage_if.o
                0x0000000020000114                USBD_Storage_Interface_fops_FS
 *(.RamFunc)
 *(.RamFunc*)
                0x0000000020000134                . = ALIGN (0x4)
                0x0000000020000134                _edata = .

.igot.plt       0x0000000020000134        0x0 load address 0x000000000800d348
 .igot.plt      0x0000000020000134        0x0 C:/Program Files/STMicroelectronics/STM32CubeIDE/plugins/com.st.stm32cube.ide.mcu.externaltools.gnu-tools-for-stm32.11.3.rel1.win32_1.1.1.202309131626/tools/bin/../lib/gcc/arm-none-eabi/11.3.1/thumb/v7-m/nofp/crtbegin.o
                0x0000000020000134                . = ALIGN (0x4)

.bss            0x0000000020000134     0x2ba8 load address 0x000000000800d348
                0x0000000020000134                _sbss = .
                0x0000000020000134                __bss_start__ = _sbss
 *(.bss)
 .bss           0x0000000020000134       0x1c C:/Program Files/STMicroelectronics/STM32CubeIDE/plugins/com.st.stm32cube.ide.mcu.externaltools.gnu-tools-for-stm32.11.3.rel1.win32_1.1.1.202309131626/tools/bin/../lib/gcc/arm-none-eabi/11.3.1/thumb/v7-m/nofp/crtbegin.o
 *(.bss*)
 .bss.hadc1     0x0000000020000150       0x30 ./Core/Src/main.o
                0x0000000020000150                hadc1
 .bss.hspi1     0x0000000020000180       0x58 ./Core/Src/main.o
                0x0000000020000180                hspi1
 .bss.hdma_spi1_tx
                0x00000000200001d8       0x44 ./Core/Src/main.o
                0x00000000200001d8                hdma_spi1_tx
 .bss.FatFs     0x000000002000021c     0x1030 ./Core/Src/main.o
                0x000000002000021c                FatFs
 .bss.fres      0x000000002000124c        0x1 ./Core/Src/main.o
                0x000000002000124c                fres
 *fill*         0x000000002000124d        0x3 
 .bss.SFLASHPath
                0x0000000020001250     0x102c ./Core/Src/main.o
                0x0000000020001250                SFLASHPath
 .bss.uwTick    0x000000002000227c        0x4 ./Drivers/STM32F1xx_HAL_Driver/Src/stm32f1xx_hal.o
                0x000000002000227c                uwTick
 .bss.retUSER   0x0000000020002280        0x1 ./FATFS/App/fatfs.o
                0x0000000020002280                retUSER
 *fill*         0x0000000020002281        0x3 
 .bss.USERPath  0x0000000020002284        0x4 ./FATFS/App/fatfs.o
                0x0000000020002284                USERPath
 .bss.cfgidx.0  0x0000000020002288        0x1 ./Middlewares/ST/STM32_USB_Device_Library/Core/Src/usbd_ctlreq.o
 *fill*         0x0000000020002289        0x3 
 .bss.FatFs     0x000000002000228c        0x4 ./Middlewares/Third_Party/FatFs/src/ff.o
 .bss.Fsid      0x0000000020002290        0x2 ./Middlewares/Third_Party/FatFs/src/ff.o
 *fill*         0x0000000020002292        0x2 
 .bss.Files     0x0000000020002294       0x18 ./Middlewares/Third_Party/FatFs/src/ff.o
 .bss.disk      0x00000000200022ac        0xc ./Middlewares/Third_Party/FatFs/src/ff_gen_drv.o
                0x00000000200022ac                disk
 .bss.hUsbDeviceFS
                0x00000000200022b8      0x2c4 ./USB_DEVICE/App/usb_device.o
                0x00000000200022b8                hUsbDeviceFS
 .bss.USBD_StrDesc
                0x000000002000257c      0x200 ./USB_DEVICE/App/usbd_desc.o
                0x000000002000257c                USBD_StrDesc
 .bss.hpcd_USB_FS
                0x000000002000277c      0x2f0 ./USB_DEVICE/Target/usbd_conf.o
                0x000000002000277c                hpcd_USB_FS
 .bss.mem.0     0x0000000020002a6c      0x270 ./USB_DEVICE/Target/usbd_conf.o
 *(COMMON)
                0x0000000020002cdc                . = ALIGN (0x4)
                0x0000000020002cdc                _ebss = .
                0x0000000020002cdc                __bss_end__ = _ebss

._user_heap_stack
                0x0000000020002cdc      0x604 load address 0x000000000800d348
                0x0000000020002ce0                . = ALIGN (0x8)
 *fill*         0x0000000020002cdc        0x4 
                [!provide]                        PROVIDE (end = .)
                0x0000000020002ce0                PROVIDE (_end = .)
                0x0000000020002ee0                . = (. + _Min_Heap_Size)
 *fill*         0x0000000020002ce0      0x200 
                0x00000000200032e0                . = (. + _Min_Stack_Size)
 *fill*         0x0000000020002ee0      0x400 
                0x00000000200032e0                . = ALIGN (0x8)

/DISCARD/
 libc.a(*)
 libm.a(*)
 libgcc.a(*)

.ARM.attributes
                0x0000000000000000       0x29
 *(.ARM.attributes)
 .ARM.attributes
                0x0000000000000000       0x1d C:/Program Files/STMicroelectronics/STM32CubeIDE/plugins/com.st.stm32cube.ide.mcu.externaltools.gnu-tools-for-stm32.11.3.rel1.win32_1.1.1.202309131626/tools/bin/../lib/gcc/arm-none-eabi/11.3.1/thumb/v7-m/nofp/crti.o
 .ARM.attributes
                0x000000000000001d       0x2d C:/Program Files/STMicroelectronics/STM32CubeIDE/plugins/com.st.stm32cube.ide.mcu.externaltools.gnu-tools-for-stm32.11.3.rel1.win32_1.1.1.202309131626/tools/bin/../lib/gcc/arm-none-eabi/11.3.1/thumb/v7-m/nofp/crtbegin.o
 .ARM.attributes
                0x000000000000004a       0x2d ./Core/Src/main.o
 .ARM.attributes
                0x0000000000000077       0x2d ./Core/Src/stm32f1xx_hal_msp.o
 .ARM.attributes
                0x00000000000000a4       0x2d ./Core/Src/stm32f1xx_it.o
 .ARM.attributes
                0x00000000000000d1       0x2d ./Core/Src/system_stm32f1xx.o
 .ARM.attributes
                0x00000000000000fe       0x2d ./Core/Src/w25q.o
 .ARM.attributes
                0x000000000000012b       0x21 ./Core/Startup/startup_stm32f103c8tx.o
 .ARM.attributes
                0x000000000000014c       0x2d ./Drivers/STM32F1xx_HAL_Driver/Src/stm32f1xx_hal.o
 .ARM.attributes
                0x0000000000000179       0x2d ./Drivers/STM32F1xx_HAL_Driver/Src/stm32f1xx_hal_adc.o
 .ARM.attributes
                0x00000000000001a6       0x2d ./Drivers/STM32F1xx_HAL_Driver/Src/stm32f1xx_hal_cortex.o
 .ARM.attributes
                0x00000000000001d3       0x2d ./Drivers/STM32F1xx_HAL_Driver/Src/stm32f1xx_hal_dma.o
 .ARM.attributes
                0x0000000000000200       0x2d ./Drivers/STM32F1xx_HAL_Driver/Src/stm32f1xx_hal_gpio.o
 .ARM.attributes
                0x000000000000022d       0x2d ./Drivers/STM32F1xx_HAL_Driver/Src/stm32f1xx_hal_pcd.o
 .ARM.attributes
                0x000000000000025a       0x2d ./Drivers/STM32F1xx_HAL_Driver/Src/stm32f1xx_hal_pcd_ex.o
 .ARM.attributes
                0x0000000000000287       0x2d ./Drivers/STM32F1xx_HAL_Driver/Src/stm32f1xx_hal_rcc.o
 .ARM.attributes
                0x00000000000002b4       0x2d ./Drivers/STM32F1xx_HAL_Driver/Src/stm32f1xx_hal_rcc_ex.o
 .ARM.attributes
                0x00000000000002e1       0x2d ./Drivers/STM32F1xx_HAL_Driver/Src/stm32f1xx_hal_spi.o
 .ARM.attributes
                0x000000000000030e       0x2d ./Drivers/STM32F1xx_HAL_Driver/Src/stm32f1xx_ll_usb.o
 .ARM.attributes
                0x000000000000033b       0x2d ./FATFS/App/fatfs.o
 .ARM.attributes
                0x0000000000000368       0x2d ./FATFS/Target/user_diskio.o
 .ARM.attributes
                0x0000000000000395       0x2d ./Middlewares/ST/STM32_USB_Device_Library/Class/MSC/Src/usbd_msc.o
 .ARM.attributes
                0x00000000000003c2       0x2d ./Middlewares/ST/STM32_USB_Device_Library/Class/MSC/Src/usbd_msc_bot.o
 .ARM.attributes
                0x00000000000003ef       0x2d ./Middlewares/ST/STM32_USB_Device_Library/Class/MSC/Src/usbd_msc_data.o
 .ARM.attributes
                0x000000000000041c       0x2d ./Middlewares/ST/STM32_USB_Device_Library/Class/MSC/Src/usbd_msc_scsi.o
 .ARM.attributes
                0x0000000000000449       0x2d ./Middlewares/ST/STM32_USB_Device_Library/Core/Src/usbd_core.o
 .ARM.attributes
                0x0000000000000476       0x2d ./Middlewares/ST/STM32_USB_Device_Library/Core/Src/usbd_ctlreq.o
 .ARM.attributes
                0x00000000000004a3       0x2d ./Middlewares/ST/STM32_USB_Device_Library/Core/Src/usbd_ioreq.o
 .ARM.attributes
                0x00000000000004d0       0x2d ./Middlewares/Third_Party/FatFs/src/diskio.o
 .ARM.attributes
                0x00000000000004fd       0x2d ./Middlewares/Third_Party/FatFs/src/ff.o
 .ARM.attributes
                0x000000000000052a       0x2d ./Middlewares/Third_Party/FatFs/src/ff_gen_drv.o
 .ARM.attributes
                0x0000000000000557       0x2d ./USB_DEVICE/App/usb_device.o
 .ARM.attributes
                0x0000000000000584       0x2d ./USB_DEVICE/App/usbd_desc.o
 .ARM.attributes
                0x00000000000005b1       0x2d ./USB_DEVICE/App/usbd_storage_if.o
 .ARM.attributes
                0x00000000000005de       0x2d ./USB_DEVICE/Target/usbd_conf.o
 .ARM.attributes
                0x000000000000060b       0x2d C:/Program Files/STMicroelectronics/STM32CubeIDE/plugins/com.st.stm32cube.ide.mcu.externaltools.gnu-tools-for-stm32.11.3.rel1.win32_1.1.1.202309131626/tools/bin/../lib/gcc/arm-none-eabi/11.3.1/../../../../arm-none-eabi/lib/thumb/v7-m/nofp\libc_nano.a(libc_a-memset.o)
 .ARM.attributes
                0x0000000000000638       0x2d C:/Program Files/STMicroelectronics/STM32CubeIDE/plugins/com.st.stm32cube.ide.mcu.externaltools.gnu-tools-for-stm32.11.3.rel1.win32_1.1.1.202309131626/tools/bin/../lib/gcc/arm-none-eabi/11.3.1/../../../../arm-none-eabi/lib/thumb/v7-m/nofp\libc_nano.a(libc_a-init.o)
 .ARM.attributes
                0x0000000000000665       0x2d C:/Program Files/STMicroelectronics/STM32CubeIDE/plugins/com.st.stm32cube.ide.mcu.externaltools.gnu-tools-for-stm32.11.3.rel1.win32_1.1.1.202309131626/tools/bin/../lib/gcc/arm-none-eabi/11.3.1/../../../../arm-none-eabi/lib/thumb/v7-m/nofp\libc_nano.a(libc_a-memcpy-stub.o)
 .ARM.attributes
                0x0000000000000692       0x1d C:/Program Files/STMicroelectronics/STM32CubeIDE/plugins/com.st.stm32cube.ide.mcu.externaltools.gnu-tools-for-stm32.11.3.rel1.win32_1.1.1.202309131626/tools/bin/../lib/gcc/arm-none-eabi/11.3.1/thumb/v7-m/nofp/crtn.o
OUTPUT(DAQ_2CH.elf elf32-littlearm)
LOAD linker stubs
LOAD C:/Program Files/STMicroelectronics/STM32CubeIDE/plugins/com.st.stm32cube.ide.mcu.externaltools.gnu-tools-for-stm32.11.3.rel1.win32_1.1.1.202309131626/tools/bin/../lib/gcc/arm-none-eabi/11.3.1/../../../../arm-none-eabi/lib/thumb/v7-m/nofp\libc.a
LOAD C:/Program Files/STMicroelectronics/STM32CubeIDE/plugins/com.st.stm32cube.ide.mcu.externaltools.gnu-tools-for-stm32.11.3.rel1.win32_1.1.1.202309131626/tools/bin/../lib/gcc/arm-none-eabi/11.3.1/../../../../arm-none-eabi/lib/thumb/v7-m/nofp\libm.a
LOAD C:/Program Files/STMicroelectronics/STM32CubeIDE/plugins/com.st.stm32cube.ide.mcu.externaltools.gnu-tools-for-stm32.11.3.rel1.win32_1.1.1.202309131626/tools/bin/../lib/gcc/arm-none-eabi/11.3.1/thumb/v7-m/nofp\libgcc.a

.comment        0x0000000000000000       0x43
 .comment       0x0000000000000000       0x43 C:/Program Files/STMicroelectronics/STM32CubeIDE/plugins/com.st.stm32cube.ide.mcu.externaltools.gnu-tools-for-stm32.11.3.rel1.win32_1.1.1.202309131626/tools/bin/../lib/gcc/arm-none-eabi/11.3.1/thumb/v7-m/nofp/crtbegin.o
                                         0x44 (size before relaxing)
 .comment       0x0000000000000043       0x44 ./Core/Src/main.o
 .comment       0x0000000000000043       0x44 ./Core/Src/stm32f1xx_hal_msp.o
 .comment       0x0000000000000043       0x44 ./Core/Src/stm32f1xx_it.o
 .comment       0x0000000000000043       0x44 ./Core/Src/system_stm32f1xx.o
 .comment       0x0000000000000043       0x44 ./Core/Src/w25q.o
 .comment       0x0000000000000043       0x44 ./Drivers/STM32F1xx_HAL_Driver/Src/stm32f1xx_hal.o
 .comment       0x0000000000000043       0x44 ./Drivers/STM32F1xx_HAL_Driver/Src/stm32f1xx_hal_adc.o
 .comment       0x0000000000000043       0x44 ./Drivers/STM32F1xx_HAL_Driver/Src/stm32f1xx_hal_cortex.o
 .comment       0x0000000000000043       0x44 ./Drivers/STM32F1xx_HAL_Driver/Src/stm32f1xx_hal_dma.o
 .comment       0x0000000000000043       0x44 ./Drivers/STM32F1xx_HAL_Driver/Src/stm32f1xx_hal_gpio.o
 .comment       0x0000000000000043       0x44 ./Drivers/STM32F1xx_HAL_Driver/Src/stm32f1xx_hal_pcd.o
 .comment       0x0000000000000043       0x44 ./Drivers/STM32F1xx_HAL_Driver/Src/stm32f1xx_hal_pcd_ex.o
 .comment       0x0000000000000043       0x44 ./Drivers/STM32F1xx_HAL_Driver/Src/stm32f1xx_hal_rcc.o
 .comment       0x0000000000000043       0x44 ./Drivers/STM32F1xx_HAL_Driver/Src/stm32f1xx_hal_rcc_ex.o
 .comment       0x0000000000000043       0x44 ./Drivers/STM32F1xx_HAL_Driver/Src/stm32f1xx_hal_spi.o
 .comment       0x0000000000000043       0x44 ./Drivers/STM32F1xx_HAL_Driver/Src/stm32f1xx_ll_usb.o
 .comment       0x0000000000000043       0x44 ./FATFS/App/fatfs.o
 .comment       0x0000000000000043       0x44 ./FATFS/Target/user_diskio.o
 .comment       0x0000000000000043       0x44 ./Middlewares/ST/STM32_USB_Device_Library/Class/MSC/Src/usbd_msc.o
 .comment       0x0000000000000043       0x44 ./Middlewares/ST/STM32_USB_Device_Library/Class/MSC/Src/usbd_msc_bot.o
 .comment       0x0000000000000043       0x44 ./Middlewares/ST/STM32_USB_Device_Library/Class/MSC/Src/usbd_msc_data.o
 .comment       0x0000000000000043       0x44 ./Middlewares/ST/STM32_USB_Device_Library/Class/MSC/Src/usbd_msc_scsi.o
 .comment       0x0000000000000043       0x44 ./Middlewares/ST/STM32_USB_Device_Library/Core/Src/usbd_core.o
 .comment       0x0000000000000043       0x44 ./Middlewares/ST/STM32_USB_Device_Library/Core/Src/usbd_ctlreq.o
 .comment       0x0000000000000043       0x44 ./Middlewares/ST/STM32_USB_Device_Library/Core/Src/usbd_ioreq.o
 .comment       0x0000000000000043       0x44 ./Middlewares/Third_Party/FatFs/src/diskio.o
 .comment       0x0000000000000043       0x44 ./Middlewares/Third_Party/FatFs/src/ff.o
 .comment       0x0000000000000043       0x44 ./Middlewares/Third_Party/FatFs/src/ff_gen_drv.o
 .comment       0x0000000000000043       0x44 ./USB_DEVICE/App/usb_device.o
 .comment       0x0000000000000043       0x44 ./USB_DEVICE/App/usbd_desc.o
 .comment       0x0000000000000043       0x44 ./USB_DEVICE/App/usbd_storage_if.o
 .comment       0x0000000000000043       0x44 ./USB_DEVICE/Target/usbd_conf.o

.debug_info     0x0000000000000000    0x14f8e
 .debug_info    0x0000000000000000     0x1665 ./Core/Src/main.o
 .debug_info    0x0000000000001665      0xaff ./Core/Src/stm32f1xx_hal_msp.o
 .debug_info    0x0000000000002164      0x809 ./Core/Src/stm32f1xx_it.o
 .debug_info    0x000000000000296d      0x222 ./Core/Src/system_stm32f1xx.o
 .debug_info    0x0000000000002b8f      0x910 ./Core/Src/w25q.o
 .debug_info    0x000000000000349f       0x23 ./Core/Startup/startup_stm32f103c8tx.o
 .debug_info    0x00000000000034c2      0x704 ./Drivers/STM32F1xx_HAL_Driver/Src/stm32f1xx_hal.o
 .debug_info    0x0000000000003bc6      0xc50 ./Drivers/STM32F1xx_HAL_Driver/Src/stm32f1xx_hal_adc.o
 .debug_info    0x0000000000004816      0xa87 ./Drivers/STM32F1xx_HAL_Driver/Src/stm32f1xx_hal_cortex.o
 .debug_info    0x000000000000529d      0x6d2 ./Drivers/STM32F1xx_HAL_Driver/Src/stm32f1xx_hal_dma.o
 .debug_info    0x000000000000596f      0x5ab ./Drivers/STM32F1xx_HAL_Driver/Src/stm32f1xx_hal_gpio.o
 .debug_info    0x0000000000005f1a     0x16cf ./Drivers/STM32F1xx_HAL_Driver/Src/stm32f1xx_hal_pcd.o
 .debug_info    0x00000000000075e9      0x6b6 ./Drivers/STM32F1xx_HAL_Driver/Src/stm32f1xx_hal_pcd_ex.o
 .debug_info    0x0000000000007c9f      0x7d5 ./Drivers/STM32F1xx_HAL_Driver/Src/stm32f1xx_hal_rcc.o
 .debug_info    0x0000000000008474      0x3c0 ./Drivers/STM32F1xx_HAL_Driver/Src/stm32f1xx_hal_rcc_ex.o
 .debug_info    0x0000000000008834     0x1503 ./Drivers/STM32F1xx_HAL_Driver/Src/stm32f1xx_hal_spi.o
 .debug_info    0x0000000000009d37     0x17a2 ./Drivers/STM32F1xx_HAL_Driver/Src/stm32f1xx_ll_usb.o
 .debug_info    0x000000000000b4d9      0x4dd ./FATFS/App/fatfs.o
 .debug_info    0x000000000000b9b6      0x3d2 ./FATFS/Target/user_diskio.o
 .debug_info    0x000000000000bd88      0xc49 ./Middlewares/ST/STM32_USB_Device_Library/Class/MSC/Src/usbd_msc.o
 .debug_info    0x000000000000c9d1      0xba1 ./Middlewares/ST/STM32_USB_Device_Library/Class/MSC/Src/usbd_msc_bot.o
 .debug_info    0x000000000000d572      0x11c ./Middlewares/ST/STM32_USB_Device_Library/Class/MSC/Src/usbd_msc_data.o
 .debug_info    0x000000000000d68e      0xede ./Middlewares/ST/STM32_USB_Device_Library/Class/MSC/Src/usbd_msc_scsi.o
 .debug_info    0x000000000000e56c      0xa52 ./Middlewares/ST/STM32_USB_Device_Library/Core/Src/usbd_core.o
 .debug_info    0x000000000000efbe      0x91c ./Middlewares/ST/STM32_USB_Device_Library/Core/Src/usbd_ctlreq.o
 .debug_info    0x000000000000f8da      0x6a0 ./Middlewares/ST/STM32_USB_Device_Library/Core/Src/usbd_ioreq.o
 .debug_info    0x000000000000ff7a      0x3da ./Middlewares/Third_Party/FatFs/src/diskio.o
 .debug_info    0x0000000000010354     0x20f0 ./Middlewares/Third_Party/FatFs/src/ff.o
 .debug_info    0x0000000000012444      0x37a ./Middlewares/Third_Party/FatFs/src/ff_gen_drv.o
 .debug_info    0x00000000000127be      0x694 ./USB_DEVICE/App/usb_device.o
 .debug_info    0x0000000000012e52      0x44a ./USB_DEVICE/App/usbd_desc.o
 .debug_info    0x000000000001329c      0x498 ./USB_DEVICE/App/usbd_storage_if.o
 .debug_info    0x0000000000013734     0x185a ./USB_DEVICE/Target/usbd_conf.o

.debug_abbrev   0x0000000000000000     0x43bb
 .debug_abbrev  0x0000000000000000      0x3c7 ./Core/Src/main.o
 .debug_abbrev  0x00000000000003c7      0x200 ./Core/Src/stm32f1xx_hal_msp.o
 .debug_abbrev  0x00000000000005c7      0x1b4 ./Core/Src/stm32f1xx_it.o
 .debug_abbrev  0x000000000000077b      0x13f ./Core/Src/system_stm32f1xx.o
 .debug_abbrev  0x00000000000008ba      0x1df ./Core/Src/w25q.o
 .debug_abbrev  0x0000000000000a99       0x12 ./Core/Startup/startup_stm32f103c8tx.o
 .debug_abbrev  0x0000000000000aab      0x201 ./Drivers/STM32F1xx_HAL_Driver/Src/stm32f1xx_hal.o
 .debug_abbrev  0x0000000000000cac      0x225 ./Drivers/STM32F1xx_HAL_Driver/Src/stm32f1xx_hal_adc.o
 .debug_abbrev  0x0000000000000ed1      0x2f8 ./Drivers/STM32F1xx_HAL_Driver/Src/stm32f1xx_hal_cortex.o
 .debug_abbrev  0x00000000000011c9      0x20b ./Drivers/STM32F1xx_HAL_Driver/Src/stm32f1xx_hal_dma.o
 .debug_abbrev  0x00000000000013d4      0x1ca ./Drivers/STM32F1xx_HAL_Driver/Src/stm32f1xx_hal_gpio.o
 .debug_abbrev  0x000000000000159e      0x2d6 ./Drivers/STM32F1xx_HAL_Driver/Src/stm32f1xx_hal_pcd.o
 .debug_abbrev  0x0000000000001874      0x189 ./Drivers/STM32F1xx_HAL_Driver/Src/stm32f1xx_hal_pcd_ex.o
 .debug_abbrev  0x00000000000019fd      0x2b3 ./Drivers/STM32F1xx_HAL_Driver/Src/stm32f1xx_hal_rcc.o
 .debug_abbrev  0x0000000000001cb0      0x188 ./Drivers/STM32F1xx_HAL_Driver/Src/stm32f1xx_hal_rcc_ex.o
 .debug_abbrev  0x0000000000001e38      0x284 ./Drivers/STM32F1xx_HAL_Driver/Src/stm32f1xx_hal_spi.o
 .debug_abbrev  0x00000000000020bc      0x1de ./Drivers/STM32F1xx_HAL_Driver/Src/stm32f1xx_ll_usb.o
 .debug_abbrev  0x000000000000229a      0x1a8 ./FATFS/App/fatfs.o
 .debug_abbrev  0x0000000000002442      0x188 ./FATFS/Target/user_diskio.o
 .debug_abbrev  0x00000000000025ca      0x27d ./Middlewares/ST/STM32_USB_Device_Library/Class/MSC/Src/usbd_msc.o
 .debug_abbrev  0x0000000000002847      0x2a1 ./Middlewares/ST/STM32_USB_Device_Library/Class/MSC/Src/usbd_msc_bot.o
 .debug_abbrev  0x0000000000002ae8       0x7d ./Middlewares/ST/STM32_USB_Device_Library/Class/MSC/Src/usbd_msc_data.o
 .debug_abbrev  0x0000000000002b65      0x2fd ./Middlewares/ST/STM32_USB_Device_Library/Class/MSC/Src/usbd_msc_scsi.o
 .debug_abbrev  0x0000000000002e62      0x24a ./Middlewares/ST/STM32_USB_Device_Library/Core/Src/usbd_core.o
 .debug_abbrev  0x00000000000030ac      0x26b ./Middlewares/ST/STM32_USB_Device_Library/Core/Src/usbd_ctlreq.o
 .debug_abbrev  0x0000000000003317      0x192 ./Middlewares/ST/STM32_USB_Device_Library/Core/Src/usbd_ioreq.o
 .debug_abbrev  0x00000000000034a9      0x181 ./Middlewares/Third_Party/FatFs/src/diskio.o
 .debug_abbrev  0x000000000000362a      0x2da ./Middlewares/Third_Party/FatFs/src/ff.o
 .debug_abbrev  0x0000000000003904      0x19f ./Middlewares/Third_Party/FatFs/src/ff_gen_drv.o
 .debug_abbrev  0x0000000000003aa3      0x18d ./USB_DEVICE/App/usb_device.o
 .debug_abbrev  0x0000000000003c30      0x1ff ./USB_DEVICE/App/usbd_desc.o
 .debug_abbrev  0x0000000000003e2f      0x276 ./USB_DEVICE/App/usbd_storage_if.o
 .debug_abbrev  0x00000000000040a5      0x316 ./USB_DEVICE/Target/usbd_conf.o

.debug_aranges  0x0000000000000000     0x1250
 .debug_aranges
                0x0000000000000000       0x68 ./Core/Src/main.o
 .debug_aranges
                0x0000000000000068       0x40 ./Core/Src/stm32f1xx_hal_msp.o
 .debug_aranges
                0x00000000000000a8       0x70 ./Core/Src/stm32f1xx_it.o
 .debug_aranges
                0x0000000000000118       0x28 ./Core/Src/system_stm32f1xx.o
 .debug_aranges
                0x0000000000000140       0x70 ./Core/Src/w25q.o
 .debug_aranges
                0x00000000000001b0       0x28 ./Core/Startup/startup_stm32f103c8tx.o
 .debug_aranges
                0x00000000000001d8       0xe0 ./Drivers/STM32F1xx_HAL_Driver/Src/stm32f1xx_hal.o
 .debug_aranges
                0x00000000000002b8       0xf0 ./Drivers/STM32F1xx_HAL_Driver/Src/stm32f1xx_hal_adc.o
 .debug_aranges
                0x00000000000003a8      0x100 ./Drivers/STM32F1xx_HAL_Driver/Src/stm32f1xx_hal_cortex.o
 .debug_aranges
                0x00000000000004a8       0x80 ./Drivers/STM32F1xx_HAL_Driver/Src/stm32f1xx_hal_dma.o
 .debug_aranges
                0x0000000000000528       0x58 ./Drivers/STM32F1xx_HAL_Driver/Src/stm32f1xx_hal_gpio.o
 .debug_aranges
                0x0000000000000580      0x140 ./Drivers/STM32F1xx_HAL_Driver/Src/stm32f1xx_hal_pcd.o
 .debug_aranges
                0x00000000000006c0       0x38 ./Drivers/STM32F1xx_HAL_Driver/Src/stm32f1xx_hal_pcd_ex.o
 .debug_aranges
                0x00000000000006f8       0x90 ./Drivers/STM32F1xx_HAL_Driver/Src/stm32f1xx_hal_rcc.o
 .debug_aranges
                0x0000000000000788       0x30 ./Drivers/STM32F1xx_HAL_Driver/Src/stm32f1xx_hal_rcc_ex.o
 .debug_aranges
                0x00000000000007b8      0x1d0 ./Drivers/STM32F1xx_HAL_Driver/Src/stm32f1xx_hal_spi.o
 .debug_aranges
                0x0000000000000988       0xf8 ./Drivers/STM32F1xx_HAL_Driver/Src/stm32f1xx_ll_usb.o
 .debug_aranges
                0x0000000000000a80       0x28 ./FATFS/App/fatfs.o
 .debug_aranges
                0x0000000000000aa8       0x40 ./FATFS/Target/user_diskio.o
 .debug_aranges
                0x0000000000000ae8       0x68 ./Middlewares/ST/STM32_USB_Device_Library/Class/MSC/Src/usbd_msc.o
 .debug_aranges
                0x0000000000000b50       0x68 ./Middlewares/ST/STM32_USB_Device_Library/Class/MSC/Src/usbd_msc_bot.o
 .debug_aranges
                0x0000000000000bb8       0x18 ./Middlewares/ST/STM32_USB_Device_Library/Class/MSC/Src/usbd_msc_data.o
 .debug_aranges
                0x0000000000000bd0       0x98 ./Middlewares/ST/STM32_USB_Device_Library/Class/MSC/Src/usbd_msc_scsi.o
 .debug_aranges
                0x0000000000000c68       0xb8 ./Middlewares/ST/STM32_USB_Device_Library/Core/Src/usbd_core.o
 .debug_aranges
                0x0000000000000d20       0x88 ./Middlewares/ST/STM32_USB_Device_Library/Core/Src/usbd_ctlreq.o
 .debug_aranges
                0x0000000000000da8       0x50 ./Middlewares/ST/STM32_USB_Device_Library/Core/Src/usbd_ioreq.o
 .debug_aranges
                0x0000000000000df8       0x48 ./Middlewares/Third_Party/FatFs/src/diskio.o
 .debug_aranges
                0x0000000000000e40      0x1e8 ./Middlewares/Third_Party/FatFs/src/ff.o
 .debug_aranges
                0x0000000000001028       0x40 ./Middlewares/Third_Party/FatFs/src/ff_gen_drv.o
 .debug_aranges
                0x0000000000001068       0x20 ./USB_DEVICE/App/usb_device.o
 .debug_aranges
                0x0000000000001088       0x60 ./USB_DEVICE/App/usbd_desc.o
 .debug_aranges
                0x00000000000010e8       0x50 ./USB_DEVICE/App/usbd_storage_if.o
 .debug_aranges
                0x0000000000001138      0x118 ./USB_DEVICE/Target/usbd_conf.o

.debug_rnglists
                0x0000000000000000      0xd9e
 .debug_rnglists
                0x0000000000000000       0x4f ./Core/Src/main.o
 .debug_rnglists
                0x000000000000004f       0x2c ./Core/Src/stm32f1xx_hal_msp.o
 .debug_rnglists
                0x000000000000007b       0x4f ./Core/Src/stm32f1xx_it.o
 .debug_rnglists
                0x00000000000000ca       0x1a ./Core/Src/system_stm32f1xx.o
 .debug_rnglists
                0x00000000000000e4       0x52 ./Core/Src/w25q.o
 .debug_rnglists
                0x0000000000000136       0x19 ./Core/Startup/startup_stm32f103c8tx.o
 .debug_rnglists
                0x000000000000014f       0xa3 ./Drivers/STM32F1xx_HAL_Driver/Src/stm32f1xx_hal.o
 .debug_rnglists
                0x00000000000001f2       0xbc ./Drivers/STM32F1xx_HAL_Driver/Src/stm32f1xx_hal_adc.o
 .debug_rnglists
                0x00000000000002ae       0xbb ./Drivers/STM32F1xx_HAL_Driver/Src/stm32f1xx_hal_cortex.o
 .debug_rnglists
                0x0000000000000369       0x64 ./Drivers/STM32F1xx_HAL_Driver/Src/stm32f1xx_hal_dma.o
 .debug_rnglists
                0x00000000000003cd       0x3f ./Drivers/STM32F1xx_HAL_Driver/Src/stm32f1xx_hal_gpio.o
 .debug_rnglists
                0x000000000000040c       0xf4 ./Drivers/STM32F1xx_HAL_Driver/Src/stm32f1xx_hal_pcd.o
 .debug_rnglists
                0x0000000000000500       0x26 ./Drivers/STM32F1xx_HAL_Driver/Src/stm32f1xx_hal_pcd_ex.o
 .debug_rnglists
                0x0000000000000526       0x6c ./Drivers/STM32F1xx_HAL_Driver/Src/stm32f1xx_hal_rcc.o
 .debug_rnglists
                0x0000000000000592       0x21 ./Drivers/STM32F1xx_HAL_Driver/Src/stm32f1xx_hal_rcc_ex.o
 .debug_rnglists
                0x00000000000005b3      0x16e ./Drivers/STM32F1xx_HAL_Driver/Src/stm32f1xx_hal_spi.o
 .debug_rnglists
                0x0000000000000721       0xbd ./Drivers/STM32F1xx_HAL_Driver/Src/stm32f1xx_ll_usb.o
 .debug_rnglists
                0x00000000000007de       0x19 ./FATFS/App/fatfs.o
 .debug_rnglists
                0x00000000000007f7       0x2b ./FATFS/Target/user_diskio.o
 .debug_rnglists
                0x0000000000000822       0x4b ./Middlewares/ST/STM32_USB_Device_Library/Class/MSC/Src/usbd_msc.o
 .debug_rnglists
                0x000000000000086d       0x4a ./Middlewares/ST/STM32_USB_Device_Library/Class/MSC/Src/usbd_msc_bot.o
 .debug_rnglists
                0x00000000000008b7       0x76 ./Middlewares/ST/STM32_USB_Device_Library/Class/MSC/Src/usbd_msc_scsi.o
 .debug_rnglists
                0x000000000000092d       0x89 ./Middlewares/ST/STM32_USB_Device_Library/Core/Src/usbd_core.o
 .debug_rnglists
                0x00000000000009b6       0x68 ./Middlewares/ST/STM32_USB_Device_Library/Core/Src/usbd_ctlreq.o
 .debug_rnglists
                0x0000000000000a1e       0x37 ./Middlewares/ST/STM32_USB_Device_Library/Core/Src/usbd_ioreq.o
 .debug_rnglists
                0x0000000000000a55       0x31 ./Middlewares/Third_Party/FatFs/src/diskio.o
 .debug_rnglists
                0x0000000000000a86      0x191 ./Middlewares/Third_Party/FatFs/src/ff.o
 .debug_rnglists
                0x0000000000000c17       0x2c ./Middlewares/Third_Party/FatFs/src/ff_gen_drv.o
 .debug_rnglists
                0x0000000000000c43       0x13 ./USB_DEVICE/App/usb_device.o
 .debug_rnglists
                0x0000000000000c56       0x43 ./USB_DEVICE/App/usbd_desc.o
 .debug_rnglists
                0x0000000000000c99       0x37 ./USB_DEVICE/App/usbd_storage_if.o
 .debug_rnglists
                0x0000000000000cd0       0xce ./USB_DEVICE/Target/usbd_conf.o

.debug_macro    0x0000000000000000    0x1c51a
 .debug_macro   0x0000000000000000      0x38f ./Core/Src/main.o
 .debug_macro   0x000000000000038f      0xa9c ./Core/Src/main.o
 .debug_macro   0x0000000000000e2b      0x227 ./Core/Src/main.o
 .debug_macro   0x0000000000001052       0x2e ./Core/Src/main.o
 .debug_macro   0x0000000000001080       0x22 ./Core/Src/main.o
 .debug_macro   0x00000000000010a2       0x22 ./Core/Src/main.o
 .debug_macro   0x00000000000010c4       0x8e ./Core/Src/main.o
 .debug_macro   0x0000000000001152       0x51 ./Core/Src/main.o
 .debug_macro   0x00000000000011a3      0x103 ./Core/Src/main.o
 .debug_macro   0x00000000000012a6       0x6a ./Core/Src/main.o
 .debug_macro   0x0000000000001310      0x1df ./Core/Src/main.o
 .debug_macro   0x00000000000014ef       0x1c ./Core/Src/main.o
 .debug_macro   0x000000000000150b       0x22 ./Core/Src/main.o
 .debug_macro   0x000000000000152d       0xbd ./Core/Src/main.o
 .debug_macro   0x00000000000015ea      0xd23 ./Core/Src/main.o
 .debug_macro   0x000000000000230d     0xe09e ./Core/Src/main.o
 .debug_macro   0x00000000000103ab       0x6d ./Core/Src/main.o
 .debug_macro   0x0000000000010418     0x348d ./Core/Src/main.o
 .debug_macro   0x00000000000138a5      0x174 ./Core/Src/main.o
 .debug_macro   0x0000000000013a19       0x5c ./Core/Src/main.o
 .debug_macro   0x0000000000013a75      0x5bc ./Core/Src/main.o
 .debug_macro   0x0000000000014031      0x289 ./Core/Src/main.o
 .debug_macro   0x00000000000142ba      0x1cb ./Core/Src/main.o
 .debug_macro   0x0000000000014485      0x114 ./Core/Src/main.o
 .debug_macro   0x0000000000014599      0x1b2 ./Core/Src/main.o
 .debug_macro   0x000000000001474b       0x27 ./Core/Src/main.o
 .debug_macro   0x0000000000014772      0x136 ./Core/Src/main.o
 .debug_macro   0x00000000000148a8      0x1bc ./Core/Src/main.o
 .debug_macro   0x0000000000014a64       0x34 ./Core/Src/main.o
 .debug_macro   0x0000000000014a98       0x3c ./Core/Src/main.o
 .debug_macro   0x0000000000014ad4       0x57 ./Core/Src/main.o
 .debug_macro   0x0000000000014b2b      0x46a ./Core/Src/main.o
 .debug_macro   0x0000000000014f95      0x1b5 ./Core/Src/main.o
 .debug_macro   0x000000000001514a       0x87 ./Core/Src/main.o
 .debug_macro   0x00000000000151d1      0x240 ./Core/Src/main.o
 .debug_macro   0x0000000000015411      0x140 ./Core/Src/main.o
 .debug_macro   0x0000000000015551      0x217 ./Core/Src/main.o
 .debug_macro   0x0000000000015768       0xab ./Core/Src/main.o
 .debug_macro   0x0000000000015813      0x242 ./Core/Src/main.o